This is pdfTeX, Version 3.141592653-2.6-1.40.26 (TeX Live 2024) (preloaded format=pdflatex 2024.7.12)  28 AUG 2026 14:32
entering extended mode
 restricted \write18 enabled.
 file:line:error style messages enabled.
 %&-line parsing enabled.
**d:/Programação/PPGMNE/VEMxFEM/Apresentação/Apresentação.tex
(d:/Programação/PPGMNE/VEMxFEM/Apresentação/Apresentação.tex
LaTeX2e <2024-06-01> patch level 2
L3 programming layer <2024-05-27>
(c:/texlive/2024/texmf-dist/tex/latex/beamer/beamer.cls
Document Class: beamer 2024/01/06 v3.71 A class for typesetting presentations
(c:/texlive/2024/texmf-dist/tex/latex/beamer/beamerbasemodes.sty (c:/texlive/2024/texmf-dist/tex/latex/etoolbox/etoolbox.sty
Package: etoolbox 2020/10/05 v2.5k e-TeX tools for LaTeX (JAW)
\etb@tempcnta=\count194
)
\beamer@tempbox=\box52
\beamer@tempcount=\count195
\c@beamerpauses=\count196
 (c:/texlive/2024/texmf-dist/tex/latex/beamer/beamerbasedecode.sty
\beamer@slideinframe=\count197
\beamer@minimum=\count198
\beamer@decode@box=\box53
)
\beamer@commentbox=\box54
\beamer@modecount=\count199
) (c:/texlive/2024/texmf-dist/tex/generic/iftex/iftex.sty
Package: iftex 2022/02/03 v1.0f TeX engine tests
)
\headdp=\dimen141
\footheight=\dimen142
\sidebarheight=\dimen143
\beamer@tempdim=\dimen144
\beamer@finalheight=\dimen145
\beamer@animht=\dimen146
\beamer@animdp=\dimen147
\beamer@animwd=\dimen148
\beamer@leftmargin=\dimen149
\beamer@rightmargin=\dimen150
\beamer@leftsidebar=\dimen151
\beamer@rightsidebar=\dimen152
\beamer@boxsize=\dimen153
\beamer@vboxoffset=\dimen154
\beamer@descdefault=\dimen155
\beamer@descriptionwidth=\dimen156
\beamer@lastskip=\skip49
\beamer@areabox=\box55
\beamer@animcurrent=\box56
\beamer@animshowbox=\box57
\beamer@sectionbox=\box58
\beamer@logobox=\box59
\beamer@linebox=\box60
\beamer@sectioncount=\count266
\beamer@subsubsectionmax=\count267
\beamer@subsectionmax=\count268
\beamer@sectionmax=\count269
\beamer@totalheads=\count270
\beamer@headcounter=\count271
\beamer@partstartpage=\count272
\beamer@sectionstartpage=\count273
\beamer@subsectionstartpage=\count274
\beamer@animationtempa=\count275
\beamer@animationtempb=\count276
\beamer@xpos=\count277
\beamer@ypos=\count278
\beamer@ypos@offset=\count279
\beamer@showpartnumber=\count280
\beamer@currentsubsection=\count281
\beamer@coveringdepth=\count282
\beamer@sectionadjust=\count283
\beamer@toclastsection=\count284
\beamer@tocsectionnumber=\count285
 (c:/texlive/2024/texmf-dist/tex/latex/beamer/beamerbaseoptions.sty (c:/texlive/2024/texmf-dist/tex/latex/graphics/keyval.sty
Package: keyval 2022/05/29 v1.15 key=value parser (DPC)
\KV@toks@=\toks17
))
\beamer@paperwidth=\skip50
\beamer@paperheight=\skip51
 (c:/texlive/2024/texmf-dist/tex/latex/geometry/geometry.sty
Package: geometry 2020/01/02 v5.9 Page Geometry
 (c:/texlive/2024/texmf-dist/tex/generic/iftex/ifvtex.sty
Package: ifvtex 2019/10/25 v1.7 ifvtex legacy package. Use iftex instead.
)
\Gm@cnth=\count286
\Gm@cntv=\count287
\c@Gm@tempcnt=\count288
\Gm@bindingoffset=\dimen157
\Gm@wd@mp=\dimen158
\Gm@odd@mp=\dimen159
\Gm@even@mp=\dimen160
\Gm@layoutwidth=\dimen161
\Gm@layoutheight=\dimen162
\Gm@layouthoffset=\dimen163
\Gm@layoutvoffset=\dimen164
\Gm@dimlist=\toks18
) (c:/texlive/2024/texmf-dist/tex/latex/pgf/math/pgfmath.sty (c:/texlive/2024/texmf-dist/tex/latex/pgf/utilities/pgfrcs.sty (c:/texlive/2024/texmf-dist/tex/generic/pgf/utilities/pgfutil-common.tex
\pgfutil@everybye=\toks19
\pgfutil@tempdima=\dimen165
\pgfutil@tempdimb=\dimen166
) (c:/texlive/2024/texmf-dist/tex/generic/pgf/utilities/pgfutil-latex.def
\pgfutil@abb=\box61
) (c:/texlive/2024/texmf-dist/tex/generic/pgf/utilities/pgfrcs.code.tex (c:/texlive/2024/texmf-dist/tex/generic/pgf/pgf.revision.tex)
Package: pgfrcs 2023-01-15 v3.1.10 (3.1.10)
)) (c:/texlive/2024/texmf-dist/tex/latex/pgf/utilities/pgfkeys.sty (c:/texlive/2024/texmf-dist/tex/generic/pgf/utilities/pgfkeys.code.tex
\pgfkeys@pathtoks=\toks20
\pgfkeys@temptoks=\toks21
 (c:/texlive/2024/texmf-dist/tex/generic/pgf/utilities/pgfkeyslibraryfiltered.code.tex
\pgfkeys@tmptoks=\toks22
))) (c:/texlive/2024/texmf-dist/tex/generic/pgf/math/pgfmath.code.tex (c:/texlive/2024/texmf-dist/tex/generic/pgf/math/pgfmathutil.code.tex
\pgf@x=\dimen167
\pgf@xa=\dimen168
\pgf@xb=\dimen169
\pgf@xc=\dimen170
\pgf@y=\dimen171
\pgf@ya=\dimen172
\pgf@yb=\dimen173
\pgf@yc=\dimen174
\c@pgf@counta=\count289
\c@pgf@countb=\count290
\c@pgf@countc=\count291
\c@pgf@countd=\count292
) (c:/texlive/2024/texmf-dist/tex/generic/pgf/math/pgfmathparser.code.tex
\pgfmath@dimen=\dimen175
\pgfmath@count=\count293
\pgfmath@box=\box62
\pgfmath@toks=\toks23
\pgfmath@stack@operand=\toks24
\pgfmath@stack@operation=\toks25
) (c:/texlive/2024/texmf-dist/tex/generic/pgf/math/pgfmathfunctions.code.tex) (c:/texlive/2024/texmf-dist/tex/generic/pgf/math/pgfmathfunctions.basic.code.tex) (c:/texlive/2024/texmf-dist/tex/generic/pgf/math/pgfmathfunctions.trigonometric.code.tex) (c:/texlive/2024/texmf-dist/tex/generic/pgf/math/pgfmathfunctions.random.code.tex) (c:/texlive/2024/texmf-dist/tex/generic/pgf/math/pgfmathfunctions.comparison.code.tex) (c:/texlive/2024/texmf-dist/tex/generic/pgf/math/pgfmathfunctions.base.code.tex) (c:/texlive/2024/texmf-dist/tex/generic/pgf/math/pgfmathfunctions.round.code.tex) (c:/texlive/2024/texmf-dist/tex/generic/pgf/math/pgfmathfunctions.misc.code.tex) (c:/texlive/2024/texmf-dist/tex/generic/pgf/math/pgfmathfunctions.integerarithmetics.code.tex) (c:/texlive/2024/texmf-dist/tex/generic/pgf/math/pgfmathcalc.code.tex) (c:/texlive/2024/texmf-dist/tex/generic/pgf/math/pgfmathfloat.code.tex
\c@pgfmathroundto@lastzeros=\count294
))) (c:/texlive/2024/texmf-dist/tex/latex/base/size11.clo
File: size11.clo 2024/02/08 v1.4n Standard LaTeX file (size option)
) (c:/texlive/2024/texmf-dist/tex/latex/pgf/basiclayer/pgfcore.sty (c:/texlive/2024/texmf-dist/tex/latex/graphics/graphicx.sty
Package: graphicx 2021/09/16 v1.2d Enhanced LaTeX Graphics (DPC,SPQR)
 (c:/texlive/2024/texmf-dist/tex/latex/graphics/graphics.sty
Package: graphics 2024/05/23 v1.4g Standard LaTeX Graphics (DPC,SPQR)
 (c:/texlive/2024/texmf-dist/tex/latex/graphics/trig.sty
Package: trig 2023/12/02 v1.11 sin cos tan (DPC)
) (c:/texlive/2024/texmf-dist/tex/latex/graphics-cfg/graphics.cfg
File: graphics.cfg 2016/06/04 v1.11 sample graphics configuration
)
Package graphics Info: Driver file: pdftex.def on input line 106.
 (c:/texlive/2024/texmf-dist/tex/latex/graphics-def/pdftex.def
File: pdftex.def 2024/04/13 v1.2c Graphics/color driver for pdftex
))
\Gin@req@height=\dimen176
\Gin@req@width=\dimen177
) (c:/texlive/2024/texmf-dist/tex/latex/pgf/systemlayer/pgfsys.sty (c:/texlive/2024/texmf-dist/tex/generic/pgf/systemlayer/pgfsys.code.tex
Package: pgfsys 2023-01-15 v3.1.10 (3.1.10)
\pgf@x=\dimen178
\pgf@y=\dimen179
\pgf@xa=\dimen180
\pgf@ya=\dimen181
\pgf@xb=\dimen182
\pgf@yb=\dimen183
\pgf@xc=\dimen184
\pgf@yc=\dimen185
\pgf@xd=\dimen186
\pgf@yd=\dimen187
\w@pgf@writea=\write3
\r@pgf@reada=\read2
\c@pgf@counta=\count295
\c@pgf@countb=\count296
\c@pgf@countc=\count297
\c@pgf@countd=\count298
\t@pgf@toka=\toks26
\t@pgf@tokb=\toks27
\t@pgf@tokc=\toks28
\pgf@sys@id@count=\count299
 (c:/texlive/2024/texmf-dist/tex/generic/pgf/systemlayer/pgf.cfg
File: pgf.cfg 2023-01-15 v3.1.10 (3.1.10)
)
Driver file for pgf: pgfsys-pdftex.def
 (c:/texlive/2024/texmf-dist/tex/generic/pgf/systemlayer/pgfsys-pdftex.def
File: pgfsys-pdftex.def 2023-01-15 v3.1.10 (3.1.10)
 (c:/texlive/2024/texmf-dist/tex/generic/pgf/systemlayer/pgfsys-common-pdf.def
File: pgfsys-common-pdf.def 2023-01-15 v3.1.10 (3.1.10)
))) (c:/texlive/2024/texmf-dist/tex/generic/pgf/systemlayer/pgfsyssoftpath.code.tex
File: pgfsyssoftpath.code.tex 2023-01-15 v3.1.10 (3.1.10)
\pgfsyssoftpath@smallbuffer@items=\count300
\pgfsyssoftpath@bigbuffer@items=\count301
) (c:/texlive/2024/texmf-dist/tex/generic/pgf/systemlayer/pgfsysprotocol.code.tex
File: pgfsysprotocol.code.tex 2023-01-15 v3.1.10 (3.1.10)
)) (c:/texlive/2024/texmf-dist/tex/latex/xcolor/xcolor.sty
Package: xcolor 2023/11/15 v3.01 LaTeX color extensions (UK)
 (c:/texlive/2024/texmf-dist/tex/latex/graphics-cfg/color.cfg
File: color.cfg 2016/01/02 v1.6 sample color configuration
)
Package xcolor Info: Driver file: pdftex.def on input line 274.
 (c:/texlive/2024/texmf-dist/tex/latex/graphics/mathcolor.ltx)
Package xcolor Info: Model `cmy' substituted by `cmy0' on input line 1350.
Package xcolor Info: Model `hsb' substituted by `rgb' on input line 1354.
Package xcolor Info: Model `RGB' extended on input line 1366.
Package xcolor Info: Model `HTML' substituted by `rgb' on input line 1368.
Package xcolor Info: Model `Hsb' substituted by `hsb' on input line 1369.
Package xcolor Info: Model `tHsb' substituted by `hsb' on input line 1370.
Package xcolor Info: Model `HSB' substituted by `hsb' on input line 1371.
Package xcolor Info: Model `Gray' substituted by `gray' on input line 1372.
Package xcolor Info: Model `wave' substituted by `hsb' on input line 1373.
) (c:/texlive/2024/texmf-dist/tex/generic/pgf/basiclayer/pgfcore.code.tex
Package: pgfcore 2023-01-15 v3.1.10 (3.1.10)
 (c:/texlive/2024/texmf-dist/tex/generic/pgf/math/pgfint.code.tex) (c:/texlive/2024/texmf-dist/tex/generic/pgf/basiclayer/pgfcorepoints.code.tex
File: pgfcorepoints.code.tex 2023-01-15 v3.1.10 (3.1.10)
\pgf@picminx=\dimen188
\pgf@picmaxx=\dimen189
\pgf@picminy=\dimen190
\pgf@picmaxy=\dimen191
\pgf@pathminx=\dimen192
\pgf@pathmaxx=\dimen193
\pgf@pathminy=\dimen194
\pgf@pathmaxy=\dimen195
\pgf@xx=\dimen196
\pgf@xy=\dimen197
\pgf@yx=\dimen198
\pgf@yy=\dimen199
\pgf@zx=\dimen256
\pgf@zy=\dimen257
) (c:/texlive/2024/texmf-dist/tex/generic/pgf/basiclayer/pgfcorepathconstruct.code.tex
File: pgfcorepathconstruct.code.tex 2023-01-15 v3.1.10 (3.1.10)
\pgf@path@lastx=\dimen258
\pgf@path@lasty=\dimen259
) (c:/texlive/2024/texmf-dist/tex/generic/pgf/basiclayer/pgfcorepathusage.code.tex
File: pgfcorepathusage.code.tex 2023-01-15 v3.1.10 (3.1.10)
\pgf@shorten@end@additional=\dimen260
\pgf@shorten@start@additional=\dimen261
) (c:/texlive/2024/texmf-dist/tex/generic/pgf/basiclayer/pgfcorescopes.code.tex
File: pgfcorescopes.code.tex 2023-01-15 v3.1.10 (3.1.10)
\pgfpic=\box63
\pgf@hbox=\box64
\pgf@layerbox@main=\box65
\pgf@picture@serial@count=\count302
) (c:/texlive/2024/texmf-dist/tex/generic/pgf/basiclayer/pgfcoregraphicstate.code.tex
File: pgfcoregraphicstate.code.tex 2023-01-15 v3.1.10 (3.1.10)
\pgflinewidth=\dimen262
) (c:/texlive/2024/texmf-dist/tex/generic/pgf/basiclayer/pgfcoretransformations.code.tex
File: pgfcoretransformations.code.tex 2023-01-15 v3.1.10 (3.1.10)
\pgf@pt@x=\dimen263
\pgf@pt@y=\dimen264
\pgf@pt@temp=\dimen265
) (c:/texlive/2024/texmf-dist/tex/generic/pgf/basiclayer/pgfcorequick.code.tex
File: pgfcorequick.code.tex 2023-01-15 v3.1.10 (3.1.10)
) (c:/texlive/2024/texmf-dist/tex/generic/pgf/basiclayer/pgfcoreobjects.code.tex
File: pgfcoreobjects.code.tex 2023-01-15 v3.1.10 (3.1.10)
) (c:/texlive/2024/texmf-dist/tex/generic/pgf/basiclayer/pgfcorepathprocessing.code.tex
File: pgfcorepathprocessing.code.tex 2023-01-15 v3.1.10 (3.1.10)
) (c:/texlive/2024/texmf-dist/tex/generic/pgf/basiclayer/pgfcorearrows.code.tex
File: pgfcorearrows.code.tex 2023-01-15 v3.1.10 (3.1.10)
\pgfarrowsep=\dimen266
) (c:/texlive/2024/texmf-dist/tex/generic/pgf/basiclayer/pgfcoreshade.code.tex
File: pgfcoreshade.code.tex 2023-01-15 v3.1.10 (3.1.10)
\pgf@max=\dimen267
\pgf@sys@shading@range@num=\count303
\pgf@shadingcount=\count304
) (c:/texlive/2024/texmf-dist/tex/generic/pgf/basiclayer/pgfcoreimage.code.tex
File: pgfcoreimage.code.tex 2023-01-15 v3.1.10 (3.1.10)
) (c:/texlive/2024/texmf-dist/tex/generic/pgf/basiclayer/pgfcoreexternal.code.tex
File: pgfcoreexternal.code.tex 2023-01-15 v3.1.10 (3.1.10)
\pgfexternal@startupbox=\box66
) (c:/texlive/2024/texmf-dist/tex/generic/pgf/basiclayer/pgfcorelayers.code.tex
File: pgfcorelayers.code.tex 2023-01-15 v3.1.10 (3.1.10)
) (c:/texlive/2024/texmf-dist/tex/generic/pgf/basiclayer/pgfcoretransparency.code.tex
File: pgfcoretransparency.code.tex 2023-01-15 v3.1.10 (3.1.10)
) (c:/texlive/2024/texmf-dist/tex/generic/pgf/basiclayer/pgfcorepatterns.code.tex
File: pgfcorepatterns.code.tex 2023-01-15 v3.1.10 (3.1.10)
) (c:/texlive/2024/texmf-dist/tex/generic/pgf/basiclayer/pgfcorerdf.code.tex
File: pgfcorerdf.code.tex 2023-01-15 v3.1.10 (3.1.10)
))) (c:/texlive/2024/texmf-dist/tex/latex/pgf/utilities/xxcolor.sty
Package: xxcolor 2003/10/24 ver 0.1
\XC@nummixins=\count305
\XC@countmixins=\count306
) (c:/texlive/2024/texmf-dist/tex/latex/base/atbegshi-ltx.sty
Package: atbegshi-ltx 2021/01/10 v1.0c Emulation of the original atbegshi
package with kernel methods
) (c:/texlive/2024/texmf-dist/tex/latex/hyperref/hyperref.sty
Package: hyperref 2024-07-10 v7.01j Hypertext links for LaTeX
 (c:/texlive/2024/texmf-dist/tex/latex/kvsetkeys/kvsetkeys.sty
Package: kvsetkeys 2022-10-05 v1.19 Key value parser (HO)
) (c:/texlive/2024/texmf-dist/tex/generic/kvdefinekeys/kvdefinekeys.sty
Package: kvdefinekeys 2019-12-19 v1.6 Define keys (HO)
) (c:/texlive/2024/texmf-dist/tex/generic/pdfescape/pdfescape.sty
Package: pdfescape 2019/12/09 v1.15 Implements pdfTeX's escape features (HO)
 (c:/texlive/2024/texmf-dist/tex/generic/ltxcmds/ltxcmds.sty
Package: ltxcmds 2023-12-04 v1.26 LaTeX kernel commands for general use (HO)
) (c:/texlive/2024/texmf-dist/tex/generic/pdftexcmds/pdftexcmds.sty
Package: pdftexcmds 2020-06-27 v0.33 Utility functions of pdfTeX for LuaTeX (HO)
 (c:/texlive/2024/texmf-dist/tex/generic/infwarerr/infwarerr.sty
Package: infwarerr 2019/12/03 v1.5 Providing info/warning/error messages (HO)
)
Package pdftexcmds Info: \pdf@primitive is available.
Package pdftexcmds Info: \pdf@ifprimitive is available.
Package pdftexcmds Info: \pdfdraftmode found.
)) (c:/texlive/2024/texmf-dist/tex/latex/hycolor/hycolor.sty
Package: hycolor 2020-01-27 v1.10 Color options for hyperref/bookmark (HO)
) (c:/texlive/2024/texmf-dist/tex/latex/hyperref/nameref.sty
Package: nameref 2023-11-26 v2.56 Cross-referencing by name of section
 (c:/texlive/2024/texmf-dist/tex/latex/refcount/refcount.sty
Package: refcount 2019/12/15 v3.6 Data extraction from label references (HO)
) (c:/texlive/2024/texmf-dist/tex/generic/gettitlestring/gettitlestring.sty
Package: gettitlestring 2019/12/15 v1.6 Cleanup title references (HO)
 (c:/texlive/2024/texmf-dist/tex/latex/kvoptions/kvoptions.sty
Package: kvoptions 2022-06-15 v3.15 Key value format for package options (HO)
))
\c@section@level=\count307
) (c:/texlive/2024/texmf-dist/tex/generic/stringenc/stringenc.sty
Package: stringenc 2019/11/29 v1.12 Convert strings between diff. encodings (HO)
)
\@linkdim=\dimen268
\Hy@linkcounter=\count308
\Hy@pagecounter=\count309
 (c:/texlive/2024/texmf-dist/tex/latex/hyperref/pd1enc.def
File: pd1enc.def 2024-07-10 v7.01j Hyperref: PDFDocEncoding definition (HO)
Now handling font encoding PD1 ...
... no UTF-8 mapping file for font encoding PD1
) (c:/texlive/2024/texmf-dist/tex/generic/intcalc/intcalc.sty
Package: intcalc 2019/12/15 v1.3 Expandable calculations with integers (HO)
)
\Hy@SavedSpaceFactor=\count310
 (c:/texlive/2024/texmf-dist/tex/latex/hyperref/puenc.def
File: puenc.def 2024-07-10 v7.01j Hyperref: PDF Unicode definition (HO)
Now handling font encoding PU ...
... no UTF-8 mapping file for font encoding PU
)
Package hyperref Info: Option `bookmarks' set `true' on input line 4040.
Package hyperref Info: Option `bookmarksopen' set `true' on input line 4040.
Package hyperref Info: Option `implicit' set `false' on input line 4040.
Package hyperref Info: Hyper figures OFF on input line 4157.
Package hyperref Info: Link nesting OFF on input line 4162.
Package hyperref Info: Hyper index ON on input line 4165.
Package hyperref Info: Plain pages OFF on input line 4172.
Package hyperref Info: Backreferencing OFF on input line 4177.
Package hyperref Info: Implicit mode OFF; no redefinition of LaTeX internals.
Package hyperref Info: Bookmarks ON on input line 4424.
\c@Hy@tempcnt=\count311
 (c:/texlive/2024/texmf-dist/tex/latex/url/url.sty
\Urlmuskip=\muskip17
Package: url 2013/09/16  ver 3.4  Verb mode for urls, etc.
)
LaTeX Info: Redefining \url on input line 4763.
\XeTeXLinkMargin=\dimen269
 (c:/texlive/2024/texmf-dist/tex/generic/bitset/bitset.sty
Package: bitset 2019/12/09 v1.3 Handle bit-vector datatype (HO)
 (c:/texlive/2024/texmf-dist/tex/generic/bigintcalc/bigintcalc.sty
Package: bigintcalc 2019/12/15 v1.5 Expandable calculations on big integers (HO)
))
\Fld@menulength=\count312
\Field@Width=\dimen270
\Fld@charsize=\dimen271
Package hyperref Info: Hyper figures OFF on input line 6042.
Package hyperref Info: Link nesting OFF on input line 6047.
Package hyperref Info: Hyper index ON on input line 6050.
Package hyperref Info: backreferencing OFF on input line 6057.
Package hyperref Info: Link coloring OFF on input line 6062.
Package hyperref Info: Link coloring with OCG OFF on input line 6067.
Package hyperref Info: PDF/A mode OFF on input line 6072.
\Hy@abspage=\count313


Package hyperref Message: Stopped early.

)
Package hyperref Info: Driver (autodetected): hpdftex.
 (c:/texlive/2024/texmf-dist/tex/latex/hyperref/hpdftex.def
File: hpdftex.def 2024-07-10 v7.01j Hyperref driver for pdfTeX
 (c:/texlive/2024/texmf-dist/tex/latex/base/atveryend-ltx.sty
Package: atveryend-ltx 2020/08/19 v1.0a Emulation of the original atveryend package
with kernel methods
)
\Fld@listcount=\count314
\c@bookmark@seq@number=\count315
 (c:/texlive/2024/texmf-dist/tex/latex/rerunfilecheck/rerunfilecheck.sty
Package: rerunfilecheck 2022-07-10 v1.10 Rerun checks for auxiliary files (HO)
 (c:/texlive/2024/texmf-dist/tex/generic/uniquecounter/uniquecounter.sty
Package: uniquecounter 2019/12/15 v1.4 Provide unlimited unique counter (HO)
)
Package uniquecounter Info: New unique counter `rerunfilecheck' on input line 285.
)) (c:/texlive/2024/texmf-dist/tex/latex/beamer/beamerbaserequires.sty (c:/texlive/2024/texmf-dist/tex/latex/beamer/beamerbasecompatibility.sty) (c:/texlive/2024/texmf-dist/tex/latex/beamer/beamerbasefont.sty (c:/texlive/2024/texmf-dist/tex/latex/amsfonts/amssymb.sty
Package: amssymb 2013/01/14 v3.01 AMS font symbols
 (c:/texlive/2024/texmf-dist/tex/latex/amsfonts/amsfonts.sty
Package: amsfonts 2013/01/14 v3.01 Basic AMSFonts support
\@emptytoks=\toks29
\symAMSa=\mathgroup4
\symAMSb=\mathgroup5
LaTeX Font Info:    Redeclaring math symbol \hbar on input line 98.
LaTeX Font Info:    Overwriting math alphabet `\mathfrak' in version `bold'
(Font)                  U/euf/m/n --> U/euf/b/n on input line 106.
)) (c:/texlive/2024/texmf-dist/tex/latex/sansmathaccent/sansmathaccent.sty
Package: sansmathaccent 2020/01/31
 (c:/texlive/2024/texmf-dist/tex/latex/koma-script/scrlfile.sty
Package: scrlfile 2023/07/07 v3.41 KOMA-Script package (file load hooks)
 (c:/texlive/2024/texmf-dist/tex/latex/koma-script/scrlfile-hook.sty
Package: scrlfile-hook 2023/07/07 v3.41 KOMA-Script package (using LaTeX hooks)
 (c:/texlive/2024/texmf-dist/tex/latex/koma-script/scrlogo.sty
Package: scrlogo 2023/07/07 v3.41 KOMA-Script package (logo)
))))) (c:/texlive/2024/texmf-dist/tex/latex/beamer/beamerbasetranslator.sty (c:/texlive/2024/texmf-dist/tex/latex/translator/translator.sty
Package: translator 2021-05-31 v1.12d Easy translation of strings in LaTeX
)) (c:/texlive/2024/texmf-dist/tex/latex/beamer/beamerbasemisc.sty) (c:/texlive/2024/texmf-dist/tex/latex/beamer/beamerbasetwoscreens.sty) (c:/texlive/2024/texmf-dist/tex/latex/beamer/beamerbaseoverlay.sty
\beamer@argscount=\count316
\beamer@lastskipcover=\skip52
\beamer@trivlistdepth=\count317
) (c:/texlive/2024/texmf-dist/tex/latex/beamer/beamerbasetitle.sty) (c:/texlive/2024/texmf-dist/tex/latex/beamer/beamerbasesection.sty
\c@lecture=\count318
\c@part=\count319
\c@section=\count320
\c@subsection=\count321
\c@subsubsection=\count322
) (c:/texlive/2024/texmf-dist/tex/latex/beamer/beamerbaseframe.sty
\beamer@framebox=\box67
\beamer@frametitlebox=\box68
\beamer@zoombox=\box69
\beamer@zoomcount=\count323
\beamer@zoomframecount=\count324
\beamer@frametextheight=\dimen272
\c@subsectionslide=\count325
\beamer@frametopskip=\skip53
\beamer@framebottomskip=\skip54
\beamer@frametopskipautobreak=\skip55
\beamer@framebottomskipautobreak=\skip56
\beamer@envbody=\toks30
\framewidth=\dimen273
\c@framenumber=\count326
) (c:/texlive/2024/texmf-dist/tex/latex/beamer/beamerbaseverbatim.sty
\beamer@verbatimfileout=\write4
) (c:/texlive/2024/texmf-dist/tex/latex/beamer/beamerbaseframesize.sty
\beamer@splitbox=\box70
\beamer@autobreakcount=\count327
\beamer@autobreaklastheight=\dimen274
\beamer@frametitletoks=\toks31
\beamer@framesubtitletoks=\toks32
) (c:/texlive/2024/texmf-dist/tex/latex/beamer/beamerbaseframecomponents.sty
\beamer@footins=\box71
) (c:/texlive/2024/texmf-dist/tex/latex/beamer/beamerbasecolor.sty) (c:/texlive/2024/texmf-dist/tex/latex/beamer/beamerbasenotes.sty
\beamer@frameboxcopy=\box72
) (c:/texlive/2024/texmf-dist/tex/latex/beamer/beamerbasetoc.sty) (c:/texlive/2024/texmf-dist/tex/latex/beamer/beamerbasetemplates.sty
\beamer@sbttoks=\toks33
 (c:/texlive/2024/texmf-dist/tex/latex/beamer/beamerbaseauxtemplates.sty (c:/texlive/2024/texmf-dist/tex/latex/beamer/beamerbaseboxes.sty
\bmb@box=\box73
\bmb@colorbox=\box74
\bmb@boxwidth=\dimen275
\bmb@boxheight=\dimen276
\bmb@prevheight=\dimen277
\bmb@temp=\dimen278
\bmb@dima=\dimen279
\bmb@dimb=\dimen280
\bmb@prevheight=\dimen281
)
\beamer@blockheadheight=\dimen282
)) (c:/texlive/2024/texmf-dist/tex/latex/beamer/beamerbaselocalstructure.sty (c:/texlive/2024/texmf-dist/tex/latex/tools/enumerate.sty
Package: enumerate 2023/07/04 v3.00 enumerate extensions (DPC)
\@enLab=\toks34
)
\beamer@bibiconwidth=\skip57
\c@figure=\count328
\c@table=\count329
\abovecaptionskip=\skip58
\belowcaptionskip=\skip59
) (c:/texlive/2024/texmf-dist/tex/latex/beamer/beamerbasenavigation.sty (c:/texlive/2024/texmf-dist/tex/latex/beamer/beamerbasenavigationsymbols.tex)
\beamer@section@min@dim=\dimen283
) (c:/texlive/2024/texmf-dist/tex/latex/beamer/beamerbasetheorems.sty (c:/texlive/2024/texmf-dist/tex/latex/amsmath/amsmath.sty
Package: amsmath 2024/05/23 v2.17q AMS math features
\@mathmargin=\skip60

For additional information on amsmath, use the `?' option.
(c:/texlive/2024/texmf-dist/tex/latex/amsmath/amstext.sty
Package: amstext 2021/08/26 v2.01 AMS text
 (c:/texlive/2024/texmf-dist/tex/latex/amsmath/amsgen.sty
File: amsgen.sty 1999/11/30 v2.0 generic functions
\@emptytoks=\toks35
\ex@=\dimen284
)) (c:/texlive/2024/texmf-dist/tex/latex/amsmath/amsbsy.sty
Package: amsbsy 1999/11/29 v1.2d Bold Symbols
\pmbraise@=\dimen285
) (c:/texlive/2024/texmf-dist/tex/latex/amsmath/amsopn.sty
Package: amsopn 2022/04/08 v2.04 operator names
)
\inf@bad=\count330
LaTeX Info: Redefining \frac on input line 233.
\uproot@=\count331
\leftroot@=\count332
LaTeX Info: Redefining \overline on input line 398.
LaTeX Info: Redefining \colon on input line 409.
\classnum@=\count333
\DOTSCASE@=\count334
LaTeX Info: Redefining \ldots on input line 495.
LaTeX Info: Redefining \dots on input line 498.
LaTeX Info: Redefining \cdots on input line 619.
\Mathstrutbox@=\box75
\strutbox@=\box76
LaTeX Info: Redefining \big on input line 721.
LaTeX Info: Redefining \Big on input line 722.
LaTeX Info: Redefining \bigg on input line 723.
LaTeX Info: Redefining \Bigg on input line 724.
\big@size=\dimen286
LaTeX Font Info:    Redeclaring font encoding OML on input line 742.
LaTeX Font Info:    Redeclaring font encoding OMS on input line 743.
\macc@depth=\count335
LaTeX Info: Redefining \bmod on input line 904.
LaTeX Info: Redefining \pmod on input line 909.
LaTeX Info: Redefining \smash on input line 939.
LaTeX Info: Redefining \relbar on input line 969.
LaTeX Info: Redefining \Relbar on input line 970.
\c@MaxMatrixCols=\count336
\dotsspace@=\muskip18
\c@parentequation=\count337
\dspbrk@lvl=\count338
\tag@help=\toks36
\row@=\count339
\column@=\count340
\maxfields@=\count341
\andhelp@=\toks37
\eqnshift@=\dimen287
\alignsep@=\dimen288
\tagshift@=\dimen289
\tagwidth@=\dimen290
\totwidth@=\dimen291
\lineht@=\dimen292
\@envbody=\toks38
\multlinegap=\skip61
\multlinetaggap=\skip62
\mathdisplay@stack=\toks39
LaTeX Info: Redefining \[ on input line 2953.
LaTeX Info: Redefining \] on input line 2954.
) (c:/texlive/2024/texmf-dist/tex/latex/amscls/amsthm.sty
Package: amsthm 2020/05/29 v2.20.6
\thm@style=\toks40
\thm@bodyfont=\toks41
\thm@headfont=\toks42
\thm@notefont=\toks43
\thm@headpunct=\toks44
\thm@preskip=\skip63
\thm@postskip=\skip64
\thm@headsep=\skip65
\dth@everypar=\toks45
)
\c@theorem=\count342
) (c:/texlive/2024/texmf-dist/tex/latex/beamer/beamerbasethemes.sty)) (c:/texlive/2024/texmf-dist/tex/latex/beamer/beamerthemedefault.sty (c:/texlive/2024/texmf-dist/tex/latex/beamer/beamerfontthemedefault.sty) (c:/texlive/2024/texmf-dist/tex/latex/beamer/beamercolorthemedefault.sty) (c:/texlive/2024/texmf-dist/tex/latex/beamer/beamerinnerthemedefault.sty
\beamer@dima=\dimen293
\beamer@dimb=\dimen294
) (c:/texlive/2024/texmf-dist/tex/latex/beamer/beamerouterthemedefault.sty))) (c:/texlive/2024/texmf-dist/tex/latex/beamer/beamerthemeMadrid.sty (c:/texlive/2024/texmf-dist/tex/latex/beamer/beamercolorthemewhale.sty) (c:/texlive/2024/texmf-dist/tex/latex/beamer/beamercolorthemeorchid.sty) (c:/texlive/2024/texmf-dist/tex/latex/beamer/beamerinnerthemerounded.sty) (c:/texlive/2024/texmf-dist/tex/latex/beamer/beamerouterthemeinfolines.sty)) (c:/texlive/2024/texmf-dist/tex/latex/beamer/beamercolorthemeseahorse.sty) (c:/texlive/2024/texmf-dist/tex/latex/caption/subcaption.sty
Package: subcaption 2023/07/28 v1.6b Sub-captions (AR)
 (c:/texlive/2024/texmf-dist/tex/latex/caption/caption.sty
Package: caption 2023/08/05 v3.6o Customizing captions (AR)
 (c:/texlive/2024/texmf-dist/tex/latex/caption/caption3.sty
Package: caption3 2023/07/31 v2.4d caption3 kernel (AR)
\caption@tempdima=\dimen295
\captionmargin=\dimen296
\caption@leftmargin=\dimen297
\caption@rightmargin=\dimen298
\caption@width=\dimen299
\caption@indent=\dimen300
\caption@parindent=\dimen301
\caption@hangindent=\dimen302
Package caption Info: beamer document class detected.
 (c:/texlive/2024/texmf-dist/tex/latex/caption/caption-beamer.sto
File: caption-beamer.sto 2022/01/06 v2.0c Adaption of the caption package to the beamer document classes (AR)
))
\c@caption@flags=\count343
\c@continuedfloat=\count344
Package caption Info: hyperref package is loaded.
Package caption Info: Hyperref support is turned off
(caption)             because hyperref has stopped early.
)
Package caption Info: New subtype `subfigure' on input line 238.
\c@subfigure=\count345
Package caption Info: New subtype `subtable' on input line 238.
\c@subtable=\count346
) (c:/texlive/2024/texmf-dist/tex/latex/animate/animate.sty
Package: animate 2023/06/18 PDF & SVG animations from files and inline graphics
 (c:/texlive/2024/texmf-dist/tex/latex/base/ifthen.sty
Package: ifthen 2024/03/16 v1.1e Standard LaTeX ifthen package (DPC)
) (c:/texlive/2024/texmf-dist/tex/latex/oberdiek/ifdraft.sty
Package: ifdraft 2016/05/16 v1.4 Detect class options draft and final (HO)
) (c:/texlive/2024/texmf-dist/tex/latex/tools/calc.sty
Package: calc 2023/07/08 v4.3 Infix arithmetic (KKT,FJ)
\calc@Acount=\count347
\calc@Bcount=\count348
\calc@Adimen=\dimen303
\calc@Bdimen=\dimen304
\calc@Askip=\skip66
\calc@Bskip=\skip67
LaTeX Info: Redefining \setlength on input line 80.
LaTeX Info: Redefining \addtolength on input line 81.
\calc@Ccount=\count349
\calc@Cskip=\skip68
) (c:/texlive/2024/texmf-dist/tex/latex/media9/pdfbase.sty
Package: pdfbase 2022/08/04 v0.55 driver independent access to low-level PDF features
 (c:/texlive/2024/texmf-dist/tex/latex/l3backend/l3backend-pdftex.def
File: l3backend-pdftex.def 2024-05-08 L3 backend support: PDF output (pdfTeX)
\l__color_backend_stack_int=\count350
\l__pdf_internal_box=\box77
)
\g_pbs_page_int=\count351
\g_pbs_oc_int=\count352
) (c:/texlive/2024/texmf-dist/tex/latex/zref/zref-abspage.sty
Package: zref-abspage 2023-09-14 v2.35 Module abspage for zref (HO)
 (c:/texlive/2024/texmf-dist/tex/latex/zref/zref-base.sty
Package: zref-base 2023-09-14 v2.35 Module base for zref (HO)
 (c:/texlive/2024/texmf-dist/tex/generic/etexcmds/etexcmds.sty
Package: etexcmds 2019/12/15 v1.7 Avoid name clashes with e-TeX commands (HO)
) (c:/texlive/2024/texmf-dist/tex/latex/auxhook/auxhook.sty
Package: auxhook 2019-12-17 v1.6 Hooks for auxiliary files (HO)
)
Package zref Info: New property list: main on input line 767.
Package zref Info: New property: default on input line 768.
Package zref Info: New property: page on input line 769.
)
\c@abspage=\count353
Package zref Info: New property: abspage on input line 67.
) (c:/texlive/2024/texmf-dist/tex/latex/ocgx2/ocgbase.sty
Package: ocgbase 2022/08/04 v0.22 support package for ocgx2.sty
\g_ocgbase_nd_int=\count354
)
\@anim@box=\box78
\@anim@measbox=\box79
\@anim@tmpdima=\dimen305
\@anim@tmpdimb=\dimen306
\@anim@num=\count355
\@anim@curframe=\count356
\@anim@curframe@zb=\count357
\@anim@resizeflags=\count358
\@anim@skipfram=\count359
\@anim@mulframecnt=\count360
\@anim@@tmlnfile=\read3
\@anim@tmpcnt=\count361
\c@@anim@ltxcnt=\count362
\@anim@curlayer=\count363
\@anim@lineno=\count364
\@anim@curfield=\count365
\@anim@@resizeflags=\count366
) (c:/texlive/2024/texmf-dist/tex/latex/natbib/natbib.sty
Package: natbib 2010/09/13 8.31b (PWD, AO)
\bibhang=\skip69
\bibsep=\skip70
LaTeX Info: Redefining \cite on input line 694.
\c@NAT@ctr=\count367
) (c:/texlive/2024/texmf-dist/tex/generic/babel/babel.sty
Package: babel 2024/06/26 v24.7 The Babel package
\babel@savecnt=\count368
\U@D=\dimen307
\l@unhyphenated=\language89
 (c:/texlive/2024/texmf-dist/tex/generic/babel/txtbabel.def)
\bbl@readstream=\read4
LaTeX Info: Redefining \textlatin on input line 3930.
\bbl@dirlevel=\count369
 (c:/texlive/2024/texmf-dist/tex/generic/babel-portuges/portuguese.ldf
Language: portuges 2021/07/09 v1.2t Portuguese support from the babel system
Package babel Info: Making " an active character on input line 143.
)) (c:/texlive/2024/texmf-dist/tex/generic/babel/locale/pt/babel-portuguese.tex
Package babel Info: Importing font and identification data for portuguese
(babel)             from babel-pt.ini. Reported on input line 11.
) (c:/texlive/2024/texmf-dist/tex/latex/tools/indentfirst.sty
Package: indentfirst 2023/07/02 v1.03 Indent first paragraph (DPC)
) (./Apresentação.aux)
\openout1 = `Apresentação.aux'.

LaTeX Font Info:    Checking defaults for OML/cmm/m/it on input line 27.
LaTeX Font Info:    ... okay on input line 27.
LaTeX Font Info:    Checking defaults for OMS/cmsy/m/n on input line 27.
LaTeX Font Info:    ... okay on input line 27.
LaTeX Font Info:    Checking defaults for OT1/cmr/m/n on input line 27.
LaTeX Font Info:    ... okay on input line 27.
LaTeX Font Info:    Checking defaults for T1/cmr/m/n on input line 27.
LaTeX Font Info:    ... okay on input line 27.
LaTeX Font Info:    Checking defaults for TS1/cmr/m/n on input line 27.
LaTeX Font Info:    ... okay on input line 27.
LaTeX Font Info:    Checking defaults for OMX/cmex/m/n on input line 27.
LaTeX Font Info:    ... okay on input line 27.
LaTeX Font Info:    Checking defaults for U/cmr/m/n on input line 27.
LaTeX Font Info:    ... okay on input line 27.
LaTeX Font Info:    Checking defaults for PD1/pdf/m/n on input line 27.
LaTeX Font Info:    ... okay on input line 27.
LaTeX Font Info:    Checking defaults for PU/pdf/m/n on input line 27.
LaTeX Font Info:    ... okay on input line 27.

*geometry* driver: auto-detecting
*geometry* detected driver: pdftex
*geometry* verbose mode - [ preamble ] result:
* driver: pdftex
* paper: custom
* layout: <same size as paper>
* layoutoffset:(h,v)=(0.0pt,0.0pt)
* modes: includehead includefoot 
* h-part:(L,W,R)=(10.95003pt, 342.2953pt, 10.95003pt)
* v-part:(T,H,B)=(0.0pt, 273.14662pt, 0.0pt)
* \paperwidth=364.19536pt
* \paperheight=273.14662pt
* \textwidth=342.2953pt
* \textheight=244.6939pt
* \oddsidemargin=-61.31996pt
* \evensidemargin=-61.31996pt
* \topmargin=-72.26999pt
* \headheight=14.22636pt
* \headsep=0.0pt
* \topskip=11.0pt
* \footskip=14.22636pt
* \marginparwidth=4.0pt
* \marginparsep=10.0pt
* \columnsep=10.0pt
* \skip\footins=10.0pt plus 4.0pt minus 2.0pt
* \hoffset=0.0pt
* \voffset=0.0pt
* \mag=1000
* \@twocolumnfalse
* \@twosidefalse
* \@mparswitchfalse
* \@reversemarginfalse
* (1in=72.27pt=25.4mm, 1cm=28.453pt)

(c:/texlive/2024/texmf-dist/tex/context/base/mkii/supp-pdf.mkii
[Loading MPS to PDF converter (version 2006.09.02).]
\scratchcounter=\count370
\scratchdimen=\dimen308
\scratchbox=\box80
\nofMPsegments=\count371
\nofMParguments=\count372
\everyMPshowfont=\toks46
\MPscratchCnt=\count373
\MPscratchDim=\dimen309
\MPnumerator=\count374
\makeMPintoPDFobject=\count375
\everyMPtoPDFconversion=\toks47
) (c:/texlive/2024/texmf-dist/tex/latex/epstopdf-pkg/epstopdf-base.sty
Package: epstopdf-base 2020-01-24 v2.11 Base part for package epstopdf
Package epstopdf-base Info: Redefining graphics rule for `.eps' on input line 485.
 (c:/texlive/2024/texmf-dist/tex/latex/latexconfig/epstopdf-sys.cfg
File: epstopdf-sys.cfg 2010/07/13 v1.3 Configuration of (r)epstopdf for TeX Live
))
Package hyperref Info: Link coloring OFF on input line 27.
 (./Apresentação.out) (./Apresentação.out)
\@outlinefile=\write5
\openout5 = `Apresentação.out'.

LaTeX Font Info:    Overwriting symbol font `operators' in version `normal'
(Font)                  OT1/cmr/m/n --> OT1/cmss/m/n on input line 27.
LaTeX Font Info:    Overwriting symbol font `operators' in version `bold'
(Font)                  OT1/cmr/bx/n --> OT1/cmss/b/n on input line 27.
\symnumbers=\mathgroup6
\sympureletters=\mathgroup7
LaTeX Font Info:    Overwriting math alphabet `\mathrm' in version `normal'
(Font)                  OT1/cmss/m/n --> OT1/cmr/m/n on input line 27.
LaTeX Font Info:    Redeclaring math alphabet \mathbf on input line 27.
LaTeX Font Info:    Overwriting math alphabet `\mathbf' in version `normal'
(Font)                  OT1/cmr/bx/n --> OT1/cmss/b/n on input line 27.
LaTeX Font Info:    Overwriting math alphabet `\mathbf' in version `bold'
(Font)                  OT1/cmr/bx/n --> OT1/cmss/b/n on input line 27.
LaTeX Font Info:    Redeclaring math alphabet \mathsf on input line 27.
LaTeX Font Info:    Overwriting math alphabet `\mathsf' in version `normal'
(Font)                  OT1/cmss/m/n --> OT1/cmss/m/n on input line 27.
LaTeX Font Info:    Overwriting math alphabet `\mathsf' in version `bold'
(Font)                  OT1/cmss/bx/n --> OT1/cmss/m/n on input line 27.
LaTeX Font Info:    Redeclaring math alphabet \mathit on input line 27.
LaTeX Font Info:    Overwriting math alphabet `\mathit' in version `normal'
(Font)                  OT1/cmr/m/it --> OT1/cmss/m/it on input line 27.
LaTeX Font Info:    Overwriting math alphabet `\mathit' in version `bold'
(Font)                  OT1/cmr/bx/it --> OT1/cmss/m/it on input line 27.
LaTeX Font Info:    Redeclaring math alphabet \mathtt on input line 27.
LaTeX Font Info:    Overwriting math alphabet `\mathtt' in version `normal'
(Font)                  OT1/cmtt/m/n --> OT1/cmtt/m/n on input line 27.
LaTeX Font Info:    Overwriting math alphabet `\mathtt' in version `bold'
(Font)                  OT1/cmtt/m/n --> OT1/cmtt/m/n on input line 27.
LaTeX Font Info:    Overwriting symbol font `numbers' in version `bold'
(Font)                  OT1/cmss/m/n --> OT1/cmss/b/n on input line 27.
LaTeX Font Info:    Overwriting symbol font `pureletters' in version `bold'
(Font)                  OT1/cmss/m/it --> OT1/cmss/b/it on input line 27.
LaTeX Font Info:    Overwriting math alphabet `\mathrm' in version `bold'
(Font)                  OT1/cmss/b/n --> OT1/cmr/b/n on input line 27.
LaTeX Font Info:    Overwriting math alphabet `\mathbf' in version `bold'
(Font)                  OT1/cmss/b/n --> OT1/cmss/b/n on input line 27.
LaTeX Font Info:    Overwriting math alphabet `\mathsf' in version `bold'
(Font)                  OT1/cmss/m/n --> OT1/cmss/b/n on input line 27.
LaTeX Font Info:    Overwriting math alphabet `\mathit' in version `bold'
(Font)                  OT1/cmss/m/it --> OT1/cmss/b/it on input line 27.
LaTeX Font Info:    Overwriting math alphabet `\mathtt' in version `bold'
(Font)                  OT1/cmtt/m/n --> OT1/cmtt/b/n on input line 27.
LaTeX Font Info:    Redeclaring symbol font `pureletters' on input line 27.
LaTeX Font Info:    Overwriting symbol font `pureletters' in version `normal'
(Font)                  OT1/cmss/m/it --> OT1/mathkerncmss/m/sl on input line 27.
LaTeX Font Info:    Overwriting symbol font `pureletters' in version `bold'
(Font)                  OT1/cmss/b/it --> OT1/mathkerncmss/m/sl on input line 27.
LaTeX Font Info:    Overwriting symbol font `pureletters' in version `bold'
(Font)                  OT1/mathkerncmss/m/sl --> OT1/mathkerncmss/bx/sl on input line 27.
 (c:/texlive/2024/texmf-dist/tex/latex/translator/translator-basic-dictionary-English.dict
Dictionary: translator-basic-dictionary, Language: English 
) (c:/texlive/2024/texmf-dist/tex/latex/translator/translator-bibliography-dictionary-English.dict
Dictionary: translator-bibliography-dictionary, Language: English 
) (c:/texlive/2024/texmf-dist/tex/latex/translator/translator-environment-dictionary-English.dict
Dictionary: translator-environment-dictionary, Language: English 
) (c:/texlive/2024/texmf-dist/tex/latex/translator/translator-months-dictionary-English.dict
Dictionary: translator-months-dictionary, Language: English 
) (c:/texlive/2024/texmf-dist/tex/latex/translator/translator-numbers-dictionary-English.dict
Dictionary: translator-numbers-dictionary, Language: English 
) (c:/texlive/2024/texmf-dist/tex/latex/translator/translator-theorem-dictionary-English.dict
Dictionary: translator-theorem-dictionary, Language: English 
)
Package caption Info: Begin \AtBeginDocument code.
Package caption Info: End \AtBeginDocument code.
 (./Apresentação.nav)
Overfull \hbox (20.46342pt too wide) in paragraph at lines 27--27
 [][][][]  
 []


Overfull \hbox (20.46342pt too wide) in paragraph at lines 29--29
 [][][][]  
 []

LaTeX Font Info:    Trying to load font information for U+msa on input line 29.
(c:/texlive/2024/texmf-dist/tex/latex/amsfonts/umsa.fd
File: umsa.fd 2013/01/14 v3.01 AMS symbols A
)
LaTeX Font Info:    Trying to load font information for U+msb on input line 29.
 (c:/texlive/2024/texmf-dist/tex/latex/amsfonts/umsb.fd
File: umsb.fd 2013/01/14 v3.01 AMS symbols B
)
LaTeX Font Info:    Trying to load font information for OT1+mathkerncmss on input line 29.
 (c:/texlive/2024/texmf-dist/tex/latex/sansmathaccent/ot1mathkerncmss.fd
File: ot1mathkerncmss.fd 2020/01/31 Fontinst v1.933 font definitions for OT1/mathkerncmss.
)

<figuras/ppgmne jpge 2 (1).png, id=51, 513.92pt x 440.64626pt>
File: figuras/ppgmne jpge 2 (1).png Graphic file (type png)
<use figuras/ppgmne jpge 2 (1).png>
Package pdftex.def Info: figuras/ppgmne jpge 2 (1).png  used on input line 29.
(pdftex.def)             Requested size: 68.45801pt x 58.69127pt.

Overfull \hbox (20.46342pt too wide) has occurred while \output is active
 [][][][]  
 []

[1

{c:/texlive/2024/texmf-var/fonts/map/pdftex/updmap/pdftex.map} <./figuras/ppgmne jpge 2 (1).png>]
Overfull \hbox (20.46342pt too wide) in paragraph at lines 34--34
 [][][][]  
 []

(./Apresentação.toc)

File: figuras/ppgmne jpge 2 (1).png Graphic file (type png)
<use figuras/ppgmne jpge 2 (1).png>
Package pdftex.def Info: figuras/ppgmne jpge 2 (1).png  used on input line 34.
(pdftex.def)             Requested size: 68.45801pt x 58.69127pt.

Overfull \hbox (20.46342pt too wide) has occurred while \output is active
 [][][][]  
 []

[2

]
Overfull \hbox (20.46342pt too wide) in paragraph at lines 49--49
 [][][][]  
 []

<figuras/voronoi_mesh.png, id=128, 855.195pt x 833.1125pt>
File: figuras/voronoi_mesh.png Graphic file (type png)
<use figuras/voronoi_mesh.png>
Package pdftex.def Info: figuras/voronoi_mesh.png  used on input line 49.
(pdftex.def)             Requested size: 136.91603pt x 133.377pt.


File: figuras/ppgmne jpge 2 (1).png Graphic file (type png)
<use figuras/ppgmne jpge 2 (1).png>
Package pdftex.def Info: figuras/ppgmne jpge 2 (1).png  used on input line 49.
(pdftex.def)             Requested size: 68.45801pt x 58.69127pt.

Overfull \hbox (20.46342pt too wide) has occurred while \output is active
 [][][][]  
 []

[3

 <./figuras/voronoi_mesh.png (PNG copy)>]
File: figuras/voronoi_mesh.png Graphic file (type png)
<use figuras/voronoi_mesh.png>
Package pdftex.def Info: figuras/voronoi_mesh.png  used on input line 49.
(pdftex.def)             Requested size: 136.91603pt x 133.377pt.


File: figuras/ppgmne jpge 2 (1).png Graphic file (type png)
<use figuras/ppgmne jpge 2 (1).png>
Package pdftex.def Info: figuras/ppgmne jpge 2 (1).png  used on input line 49.
(pdftex.def)             Requested size: 68.45801pt x 58.69127pt.

Overfull \hbox (20.46342pt too wide) has occurred while \output is active
 [][][][]  
 []

[4

]
Overfull \hbox (20.46342pt too wide) in paragraph at lines 60--60
 [][][][]  
 []



File: figuras/ppgmne jpge 2 (1).png Graphic file (type png)
<use figuras/ppgmne jpge 2 (1).png>
Package pdftex.def Info: figuras/ppgmne jpge 2 (1).png  used on input line 60.
(pdftex.def)             Requested size: 68.45801pt x 58.69127pt.

Overfull \hbox (20.46342pt too wide) has occurred while \output is active
 [][][][]  
 []

[5

]
Overfull \hbox (20.46342pt too wide) in paragraph at lines 72--72
 [][][][]  
 []



File: figuras/ppgmne jpge 2 (1).png Graphic file (type png)
<use figuras/ppgmne jpge 2 (1).png>
Package pdftex.def Info: figuras/ppgmne jpge 2 (1).png  used on input line 72.
(pdftex.def)             Requested size: 68.45801pt x 58.69127pt.

Overfull \hbox (20.46342pt too wide) has occurred while \output is active
 [][][][]  
 []

[6

]
Overfull \hbox (20.46342pt too wide) in paragraph at lines 77--77
 [][][][]  
 []



File: figuras/ppgmne jpge 2 (1).png Graphic file (type png)
<use figuras/ppgmne jpge 2 (1).png>
Package pdftex.def Info: figuras/ppgmne jpge 2 (1).png  used on input line 77.
(pdftex.def)             Requested size: 68.45801pt x 58.69127pt.

Overfull \hbox (20.46342pt too wide) has occurred while \output is active
 [][][][]  
 []

[7

]

File: figuras/ppgmne jpge 2 (1).png Graphic file (type png)
<use figuras/ppgmne jpge 2 (1).png>
Package pdftex.def Info: figuras/ppgmne jpge 2 (1).png  used on input line 77.
(pdftex.def)             Requested size: 68.45801pt x 58.69127pt.

Overfull \hbox (20.46342pt too wide) has occurred while \output is active
 [][][][]  
 []

[8

]
Overfull \hbox (20.46342pt too wide) in paragraph at lines 82--82
 [][][][]  
 []



File: figuras/ppgmne jpge 2 (1).png Graphic file (type png)
<use figuras/ppgmne jpge 2 (1).png>
Package pdftex.def Info: figuras/ppgmne jpge 2 (1).png  used on input line 82.
(pdftex.def)             Requested size: 68.45801pt x 58.69127pt.

Overfull \hbox (20.46342pt too wide) has occurred while \output is active
 [][][][]  
 []

[9

]
Overfull \hbox (20.46342pt too wide) in paragraph at lines 91--91
 [][][][]  
 []



File: figuras/ppgmne jpge 2 (1).png Graphic file (type png)
<use figuras/ppgmne jpge 2 (1).png>
Package pdftex.def Info: figuras/ppgmne jpge 2 (1).png  used on input line 91.
(pdftex.def)             Requested size: 68.45801pt x 58.69127pt.

Overfull \hbox (20.46342pt too wide) has occurred while \output is active
 [][][][]  
 []

[10

]

File: figuras/ppgmne jpge 2 (1).png Graphic file (type png)
<use figuras/ppgmne jpge 2 (1).png>
Package pdftex.def Info: figuras/ppgmne jpge 2 (1).png  used on input line 91.
(pdftex.def)             Requested size: 68.45801pt x 58.69127pt.

Overfull \hbox (20.46342pt too wide) has occurred while \output is active
 [][][][]  
 []

[11

]

File: figuras/ppgmne jpge 2 (1).png Graphic file (type png)
<use figuras/ppgmne jpge 2 (1).png>
Package pdftex.def Info: figuras/ppgmne jpge 2 (1).png  used on input line 91.
(pdftex.def)             Requested size: 68.45801pt x 58.69127pt.

Overfull \hbox (20.46342pt too wide) has occurred while \output is active
 [][][][]  
 []

[12

]
Overfull \hbox (20.46342pt too wide) in paragraph at lines 102--102
 [][][][]  
 []



File: figuras/ppgmne jpge 2 (1).png Graphic file (type png)
<use figuras/ppgmne jpge 2 (1).png>
Package pdftex.def Info: figuras/ppgmne jpge 2 (1).png  used on input line 102.
(pdftex.def)             Requested size: 68.45801pt x 58.69127pt.

Overfull \hbox (20.46342pt too wide) has occurred while \output is active
 [][][][]  
 []

[13

]
Overfull \hbox (20.46342pt too wide) in paragraph at lines 109--109
 [][][][]  
 []



File: figuras/ppgmne jpge 2 (1).png Graphic file (type png)
<use figuras/ppgmne jpge 2 (1).png>
Package pdftex.def Info: figuras/ppgmne jpge 2 (1).png  used on input line 109.
(pdftex.def)             Requested size: 68.45801pt x 58.69127pt.

Overfull \hbox (20.46342pt too wide) has occurred while \output is active
 [][][][]  
 []

[14

]
Overfull \hbox (20.46342pt too wide) in paragraph at lines 123--123
 [][][][]  
 []

<figuras/Elemento.png, id=490, 534.19576pt x 207.77625pt>
File: figuras/Elemento.png Graphic file (type png)
<use figuras/Elemento.png>
Package pdftex.def Info: figuras/Elemento.png  used on input line 123.
(pdftex.def)             Requested size: 171.14764pt x 66.56584pt.


File: figuras/ppgmne jpge 2 (1).png Graphic file (type png)
<use figuras/ppgmne jpge 2 (1).png>
Package pdftex.def Info: figuras/ppgmne jpge 2 (1).png  used on input line 123.
(pdftex.def)             Requested size: 68.45801pt x 58.69127pt.

Overfull \hbox (20.46342pt too wide) has occurred while \output is active
 [][][][]  
 []

[15

 <./figuras/Elemento.png>]
Overfull \hbox (20.46342pt too wide) in paragraph at lines 135--135
 [][][][]  
 []



File: figuras/ppgmne jpge 2 (1).png Graphic file (type png)
<use figuras/ppgmne jpge 2 (1).png>
Package pdftex.def Info: figuras/ppgmne jpge 2 (1).png  used on input line 135.
(pdftex.def)             Requested size: 68.45801pt x 58.69127pt.

Overfull \hbox (20.46342pt too wide) has occurred while \output is active
 [][][][]  
 []

[16

]

File: figuras/ppgmne jpge 2 (1).png Graphic file (type png)
<use figuras/ppgmne jpge 2 (1).png>
Package pdftex.def Info: figuras/ppgmne jpge 2 (1).png  used on input line 135.
(pdftex.def)             Requested size: 68.45801pt x 58.69127pt.

Overfull \hbox (20.46342pt too wide) has occurred while \output is active
 [][][][]  
 []

[17

]
Overfull \hbox (20.46342pt too wide) in paragraph at lines 144--144
 [][][][]  
 []



File: figuras/ppgmne jpge 2 (1).png Graphic file (type png)
<use figuras/ppgmne jpge 2 (1).png>
Package pdftex.def Info: figuras/ppgmne jpge 2 (1).png  used on input line 144.
(pdftex.def)             Requested size: 68.45801pt x 58.69127pt.

Overfull \hbox (20.46342pt too wide) has occurred while \output is active
 [][][][]  
 []

[18

]
Overfull \hbox (20.46342pt too wide) in paragraph at lines 154--154
 [][][][]  
 []



File: figuras/ppgmne jpge 2 (1).png Graphic file (type png)
<use figuras/ppgmne jpge 2 (1).png>
Package pdftex.def Info: figuras/ppgmne jpge 2 (1).png  used on input line 154.
(pdftex.def)             Requested size: 68.45801pt x 58.69127pt.

Overfull \hbox (20.46342pt too wide) has occurred while \output is active
 [][][][]  
 []

[19

]

File: figuras/ppgmne jpge 2 (1).png Graphic file (type png)
<use figuras/ppgmne jpge 2 (1).png>
Package pdftex.def Info: figuras/ppgmne jpge 2 (1).png  used on input line 154.
(pdftex.def)             Requested size: 68.45801pt x 58.69127pt.

Overfull \hbox (20.46342pt too wide) has occurred while \output is active
 [][][][]  
 []

[20

]
Overfull \hbox (20.46342pt too wide) in paragraph at lines 163--163
 [][][][]  
 []



File: figuras/ppgmne jpge 2 (1).png Graphic file (type png)
<use figuras/ppgmne jpge 2 (1).png>
Package pdftex.def Info: figuras/ppgmne jpge 2 (1).png  used on input line 163.
(pdftex.def)             Requested size: 68.45801pt x 58.69127pt.

Overfull \hbox (20.46342pt too wide) has occurred while \output is active
 [][][][]  
 []

[21

]
Overfull \hbox (20.46342pt too wide) in paragraph at lines 173--173
 [][][][]  
 []



File: figuras/ppgmne jpge 2 (1).png Graphic file (type png)
<use figuras/ppgmne jpge 2 (1).png>
Package pdftex.def Info: figuras/ppgmne jpge 2 (1).png  used on input line 173.
(pdftex.def)             Requested size: 68.45801pt x 58.69127pt.

Overfull \hbox (20.46342pt too wide) has occurred while \output is active
 [][][][]  
 []

[22

]
Overfull \hbox (20.46342pt too wide) in paragraph at lines 180--180
 [][][][]  
 []



File: figuras/ppgmne jpge 2 (1).png Graphic file (type png)
<use figuras/ppgmne jpge 2 (1).png>
Package pdftex.def Info: figuras/ppgmne jpge 2 (1).png  used on input line 180.
(pdftex.def)             Requested size: 68.45801pt x 58.69127pt.

Overfull \hbox (20.46342pt too wide) has occurred while \output is active
 [][][][]  
 []

[23

]
Overfull \hbox (20.46342pt too wide) in paragraph at lines 189--189
 [][][][]  
 []



File: figuras/ppgmne jpge 2 (1).png Graphic file (type png)
<use figuras/ppgmne jpge 2 (1).png>
Package pdftex.def Info: figuras/ppgmne jpge 2 (1).png  used on input line 189.
(pdftex.def)             Requested size: 68.45801pt x 58.69127pt.

Overfull \hbox (20.46342pt too wide) has occurred while \output is active
 [][][][]  
 []

[24

]
Overfull \hbox (20.46342pt too wide) in paragraph at lines 203--203
 [][][][]  
 []



File: figuras/ppgmne jpge 2 (1).png Graphic file (type png)
<use figuras/ppgmne jpge 2 (1).png>
Package pdftex.def Info: figuras/ppgmne jpge 2 (1).png  used on input line 203.
(pdftex.def)             Requested size: 68.45801pt x 58.69127pt.

Overfull \hbox (20.46342pt too wide) has occurred while \output is active
 [][][][]  
 []

[25

]
Overfull \hbox (20.46342pt too wide) in paragraph at lines 214--214
 [][][][]  
 []

<figuras/Captura de tela 2026-08-27 104659.png, id=811, 593.21625pt x 148.75575pt>
File: figuras/Captura de tela 2026-08-27 104659.png Graphic file (type png)
<use figuras/Captura de tela 2026-08-27 104659.png>
Package pdftex.def Info: figuras/Captura de tela 2026-08-27 104659.png  used on input line 214.
(pdftex.def)             Requested size: 342.2953pt x 85.83803pt.


File: figuras/ppgmne jpge 2 (1).png Graphic file (type png)
<use figuras/ppgmne jpge 2 (1).png>
Package pdftex.def Info: figuras/ppgmne jpge 2 (1).png  used on input line 214.
(pdftex.def)             Requested size: 68.45801pt x 58.69127pt.

Overfull \hbox (20.46342pt too wide) has occurred while \output is active
 [][][][]  
 []

[26

 <./figuras/Captura de tela 2026-08-27 104659.png>]
Overfull \hbox (20.46342pt too wide) in paragraph at lines 231--231
 [][][][]  
 []

<figuras/M1.png, id=843, 803.0pt x 602.25pt>
File: figuras/M1.png Graphic file (type png)
<use figuras/M1.png>
Package pdftex.def Info: figuras/M1.png  used on input line 231.
(pdftex.def)             Requested size: 154.03183pt x 115.52225pt.
<figuras/M2.png, id=844, 803.0pt x 602.25pt>
File: figuras/M2.png Graphic file (type png)
<use figuras/M2.png>
Package pdftex.def Info: figuras/M2.png  used on input line 231.
(pdftex.def)             Requested size: 154.03183pt x 115.52225pt.
<figuras/M3.png, id=845, 803.0pt x 602.25pt>
File: figuras/M3.png Graphic file (type png)
<use figuras/M3.png>
Package pdftex.def Info: figuras/M3.png  used on input line 231.
(pdftex.def)             Requested size: 154.03183pt x 115.52225pt.

Overfull \vbox (21.92393pt too high) detected at line 231
 []



File: figuras/ppgmne jpge 2 (1).png Graphic file (type png)
<use figuras/ppgmne jpge 2 (1).png>
Package pdftex.def Info: figuras/ppgmne jpge 2 (1).png  used on input line 231.
(pdftex.def)             Requested size: 68.45801pt x 58.69127pt.

Overfull \hbox (20.46342pt too wide) has occurred while \output is active
 [][][][]  
 []

[27

 <./figuras/M1.png> <./figuras/M2.png> <./figuras/M3.png>]
Overfull \hbox (20.46342pt too wide) in paragraph at lines 238--238
 [][][][]  
 []

<figuras/Frequências por modo de vibração_1.png, id=874, 439.6425pt x 272.01625pt>
File: figuras/Frequências por modo de vibração_1.png Graphic file (type png)
<use figuras/Frequências por modo de vibração_1.png>
Package pdftex.def Info: figuras/Frequências por modo de vibração_1.png  used on input line 238.
(pdftex.def)             Requested size: 342.2953pt x 211.78995pt.


File: figuras/ppgmne jpge 2 (1).png Graphic file (type png)
<use figuras/ppgmne jpge 2 (1).png>
Package pdftex.def Info: figuras/ppgmne jpge 2 (1).png  used on input line 238.
(pdftex.def)             Requested size: 68.45801pt x 58.69127pt.

Overfull \hbox (20.46342pt too wide) has occurred while \output is active
 [][][][]  
 []

[28

 <./figuras/Frequências por modo de vibração_1.png>]
Overfull \hbox (20.46342pt too wide) in paragraph at lines 254--254
 [][][][]  
 []

<figuras/Malha 1.png, id=905, 439.6425pt x 272.01625pt>
File: figuras/Malha 1.png Graphic file (type png)
<use figuras/Malha 1.png>
Package pdftex.def Info: figuras/Malha 1.png  used on input line 254.
(pdftex.def)             Requested size: 147.86923pt x 91.48814pt.
<figuras/Malha 2.png, id=906, 439.6425pt x 272.01625pt>
File: figuras/Malha 2.png Graphic file (type png)
<use figuras/Malha 2.png>
Package pdftex.def Info: figuras/Malha 2.png  used on input line 254.
(pdftex.def)             Requested size: 147.86923pt x 91.48814pt.
<figuras/malha 3.png, id=907, 439.6425pt x 272.01625pt>
File: figuras/malha 3.png Graphic file (type png)
<use figuras/malha 3.png>
Package pdftex.def Info: figuras/malha 3.png  used on input line 254.
(pdftex.def)             Requested size: 147.86923pt x 91.48814pt.


File: figuras/ppgmne jpge 2 (1).png Graphic file (type png)
<use figuras/ppgmne jpge 2 (1).png>
Package pdftex.def Info: figuras/ppgmne jpge 2 (1).png  used on input line 254.
(pdftex.def)             Requested size: 68.45801pt x 58.69127pt.

Overfull \hbox (20.46342pt too wide) has occurred while \output is active
 [][][][]  
 []

[29

 <./figuras/Malha 1.png> <./figuras/Malha 2.png> <./figuras/malha 3.png>]
Overfull \hbox (20.46342pt too wide) in paragraph at lines 261--261
 [][][][]  
 []

<figuras/Frequências por modo de vibração (2).png, id=940, 903.375pt x 558.085pt>
File: figuras/Frequências por modo de vibração (2).png Graphic file (type png)
<use figuras/Frequências por modo de vibração (2).png>
Package pdftex.def Info: figuras/Frequências por modo de vibração (2).png  used on input line 261.
(pdftex.def)             Requested size: 342.2953pt x 211.46138pt.


File: figuras/ppgmne jpge 2 (1).png Graphic file (type png)
<use figuras/ppgmne jpge 2 (1).png>
Package pdftex.def Info: figuras/ppgmne jpge 2 (1).png  used on input line 261.
(pdftex.def)             Requested size: 68.45801pt x 58.69127pt.

Overfull \hbox (20.46342pt too wide) has occurred while \output is active
 [][][][]  
 []

[30

 <./figuras/Frequências por modo de vibração (2).png>]
Overfull \hbox (20.46342pt too wide) in paragraph at lines 277--277
 [][][][]  
 []

<figuras/F2-1 e V2-1.png, id=970, 439.6425pt x 272.01625pt>
File: figuras/F2-1 e V2-1.png Graphic file (type png)
<use figuras/F2-1 e V2-1.png>
Package pdftex.def Info: figuras/F2-1 e V2-1.png  used on input line 277.
(pdftex.def)             Requested size: 147.86923pt x 91.48814pt.
<figuras/F2-2 e V2-2.png, id=971, 439.6425pt x 272.01625pt>
File: figuras/F2-2 e V2-2.png Graphic file (type png)
<use figuras/F2-2 e V2-2.png>
Package pdftex.def Info: figuras/F2-2 e V2-2.png  used on input line 277.
(pdftex.def)             Requested size: 147.86923pt x 91.48814pt.
File: figuras/F2-2 e V2-2.png Graphic file (type png)
<use figuras/F2-2 e V2-2.png>
Package pdftex.def Info: figuras/F2-2 e V2-2.png  used on input line 277.
(pdftex.def)             Requested size: 147.86923pt x 91.48814pt.


File: figuras/ppgmne jpge 2 (1).png Graphic file (type png)
<use figuras/ppgmne jpge 2 (1).png>
Package pdftex.def Info: figuras/ppgmne jpge 2 (1).png  used on input line 277.
(pdftex.def)             Requested size: 68.45801pt x 58.69127pt.

Overfull \hbox (20.46342pt too wide) has occurred while \output is active
 [][][][]  
 []

[31

 <./figuras/F2-1 e V2-1.png> <./figuras/F2-2 e V2-2.png>]
Overfull \hbox (20.46342pt too wide) in paragraph at lines 290--290
 [][][][]  
 []

<figuras/Erros médios de cada malha.png, id=1003, 602.25pt x 372.39125pt>
File: figuras/Erros médios de cada malha.png Graphic file (type png)
<use figuras/Erros médios de cada malha.png>
Package pdftex.def Info: figuras/Erros médios de cada malha.png  used on input line 290.
(pdftex.def)             Requested size: 164.30028pt x 101.5925pt.
<figuras/Erros percentuais.png, id=1004, 602.25pt x 372.39125pt>
File: figuras/Erros percentuais.png Graphic file (type png)
<use figuras/Erros percentuais.png>
Package pdftex.def Info: figuras/Erros percentuais.png  used on input line 290.
(pdftex.def)             Requested size: 164.30028pt x 101.5925pt.


File: figuras/ppgmne jpge 2 (1).png Graphic file (type png)
<use figuras/ppgmne jpge 2 (1).png>
Package pdftex.def Info: figuras/ppgmne jpge 2 (1).png  used on input line 290.
(pdftex.def)             Requested size: 68.45801pt x 58.69127pt.

Overfull \hbox (20.46342pt too wide) has occurred while \output is active
 [][][][]  
 []

[32

 <./figuras/Erros médios de cada malha.png> <./figuras/Erros percentuais.png>]
Overfull \hbox (20.46342pt too wide) in paragraph at lines 311--311
 [][][][]  
 []

<figuras/deformed_mode_1.png, id=1034, 602.25pt x 179.16937pt>
File: figuras/deformed_mode_1.png Graphic file (type png)
<use figuras/deformed_mode_1.png>
Package pdftex.def Info: figuras/deformed_mode_1.png  used on input line 311.
(pdftex.def)             Requested size: 154.03183pt x 45.8229pt.
<figuras/deformed_mode_2.png, id=1035, 602.25pt x 183.68625pt>
File: figuras/deformed_mode_2.png Graphic file (type png)
<use figuras/deformed_mode_2.png>
Package pdftex.def Info: figuras/deformed_mode_2.png  used on input line 311.
(pdftex.def)             Requested size: 154.03183pt x 46.9781pt.
<figuras/deformed_mode_3.png, id=1036, 602.25pt x 170.88844pt>
File: figuras/deformed_mode_3.png Graphic file (type png)
<use figuras/deformed_mode_3.png>
Package pdftex.def Info: figuras/deformed_mode_3.png  used on input line 311.
(pdftex.def)             Requested size: 154.03183pt x 43.70505pt.
<figuras/deformed_mode_4.png, id=1037, 602.25pt x 194.97844pt>
File: figuras/deformed_mode_4.png Graphic file (type png)
<use figuras/deformed_mode_4.png>
Package pdftex.def Info: figuras/deformed_mode_4.png  used on input line 311.
(pdftex.def)             Requested size: 154.03183pt x 49.8661pt.


File: figuras/ppgmne jpge 2 (1).png Graphic file (type png)
<use figuras/ppgmne jpge 2 (1).png>
Package pdftex.def Info: figuras/ppgmne jpge 2 (1).png  used on input line 311.
(pdftex.def)             Requested size: 68.45801pt x 58.69127pt.

Overfull \hbox (20.46342pt too wide) has occurred while \output is active
 [][][][]  
 []

[33

 <./figuras/deformed_mode_1.png> <./figuras/deformed_mode_2.png> <./figuras/deformed_mode_3.png> <./figuras/deformed_mode_4.png>]
Overfull \hbox (20.46342pt too wide) in paragraph at lines 318--318
 [][][][]  
 []

(./Apresentação.bbl)

File: figuras/ppgmne jpge 2 (1).png Graphic file (type png)
<use figuras/ppgmne jpge 2 (1).png>
Package pdftex.def Info: figuras/ppgmne jpge 2 (1).png  used on input line 318.
(pdftex.def)             Requested size: 68.45801pt x 58.69127pt.

Overfull \hbox (20.46342pt too wide) has occurred while \output is active
 [][][][]  
 []

[34

]
\tf@nav=\write6
\openout6 = `Apresentação.nav'.

\tf@toc=\write7
\openout7 = `Apresentação.toc'.

\tf@snm=\write8
\openout8 = `Apresentação.snm'.

 (./Apresentação.aux)
 ***********
LaTeX2e <2024-06-01> patch level 2
L3 programming layer <2024-05-27>
 ***********
Package rerunfilecheck Info: File `Apresentação.out' has not changed.
(rerunfilecheck)             Checksum: C951920B67F331AE37CB47EE079C695F;787.
 ) 
Here is how much of TeX's memory you used:
 26375 strings out of 473584
 512867 string characters out of 5732363
 1944908 words of memory out of 5000000
 48649 multiletter control sequences out of 15000+600000
 570614 words of font info for 81 fonts, out of 8000000 for 9000
 1141 hyphenation exceptions out of 8191
 128i,16n,123p,453b,708s stack positions out of 10000i,1000n,20000p,200000b,200000s
<c:/texlive/2024/texmf-dist/fonts/type1/public/amsfonts/cm/cmex10.pfb><c:/texlive/2024/texmf-dist/fonts/type1/public/amsfonts/cm/cmmi10.pfb><c:/texlive/2024/texmf-dist/fonts/type1/public/amsfonts/cm/cmmi8.pfb><c:/texlive/2024/texmf-dist/fonts/type1/public/amsfonts/cm/cmss10.pfb><c:/texlive/2024/texmf-dist/fonts/type1/public/amsfonts/cm/cmss12.pfb><c:/texlive/2024/texmf-dist/fonts/type1/public/amsfonts/cm/cmss8.pfb><c:/texlive/2024/texmf-dist/fonts/type1/public/amsfonts/cm/cmssi10.pfb><c:/texlive/2024/texmf-dist/fonts/type1/public/amsfonts/cm/cmssi12.pfb><c:/texlive/2024/texmf-dist/fonts/type1/public/amsfonts/cm/cmssi8.pfb><c:/texlive/2024/texmf-dist/fonts/type1/public/amsfonts/cm/cmsy10.pfb><c:/texlive/2024/texmf-dist/fonts/type1/public/amsfonts/cm/cmsy8.pfb><c:/texlive/2024/texmf-dist/fonts/type1/public/amsfonts/symbols/msbm10.pfb>
Output written on Apresentação.pdf (34 pages, 1485618 bytes).
PDF statistics:
 1172 PDF objects out of 1200 (max. 8388607)
 1021 compressed objects within 11 object streams
 86 named destinations out of 1000 (max. 500000)
 239 words of extra memory for PDF output out of 10000 (max. 10000000)

