#
# There is insufficient memory for the Java Runtime Environment to continue.
# Native memory allocation (mmap) failed to map 173015040 bytes. Error detail: G1 virtual space
# Possible reasons:
#   The system is out of physical RAM or swap space
#   This process is running with CompressedOops enabled, and the Java Heap may be blocking the growth of the native heap
# Possible solutions:
#   Reduce memory load on the system
#   Increase physical memory or swap space
#   Check if swap backing store is full
#   Decrease Java heap size (-Xmx/-Xms)
#   Decrease number of Java threads
#   Decrease Java thread stack sizes (-Xss)
#   Set larger code cache with -XX:ReservedCodeCacheSize=
#   JVM is running with Unscaled Compressed Oops mode in which the Java heap is
#     placed in the first 4GB address space. The Java Heap base address is the
#     maximum limit for the native heap growth. Please use -XX:HeapBaseMinAddress
#     to set the Java Heap base and to place the Java Heap above 4GB virtual address.
# This output file may be truncated or incomplete.
#
#  Out of Memory Error (os_windows.cpp:3714), pid=7532, tid=21360
#
# JRE version: OpenJDK Runtime Environment Temurin-21.0.10+7 (21.0.10+7) (build 21.0.10+7-LTS)
# Java VM: OpenJDK 64-Bit Server VM Temurin-21.0.10+7 (21.0.10+7-LTS, mixed mode, tiered, compressed oops, compressed class ptrs, g1 gc, windows-amd64)
# No core dump will be written. Minidumps are not enabled by default on client versions of Windows
#

---------------  S U M M A R Y ------------

Command Line: -Xms64m -Xmx2048m -Dapp.name=ltex-ls-plus -Dapp.repo=c:\Users\vi_ba\.vscode\extensions\ltex-plus.vscode-ltex-plus-15.7.1\lib\ltex-ls-plus-18.7.0\lib -Dapp.home=c:\Users\vi_ba\.vscode\extensions\ltex-plus.vscode-ltex-plus-15.7.1\lib\ltex-ls-plus-18.7.0 -Dbasedir=c:\Users\vi_ba\.vscode\extensions\ltex-plus.vscode-ltex-plus-15.7.1\lib\ltex-ls-plus-18.7.0 org.bsplines.ltexls.LtexLanguageServerLauncher

Host: Intel(R) Core(TM) i5-10300H CPU @ 2.50GHz, 8 cores, 7G,  Windows 11 , 64 bit Build 26100 (10.0.26100.9168)
Time: Thu Sep  3 01:16:46 2026 Hora oficial do Brasil elapsed time: 6.457172 seconds (0d 0h 0m 6s)

---------------  T H R E A D  ---------------

Current thread (0x0000021db3020df0):  VMThread "VM Thread"          [id=21360, stack(0x000000d410500000,0x000000d410600000) (1024K)]

Stack: [0x000000d410500000,0x000000d410600000]
Native frames: (J=compiled Java code, j=interpreted, Vv=VM code, C=native code)
V  [jvm.dll+0x6d7a39]
V  [jvm.dll+0x8b4b26]
V  [jvm.dll+0x8b70de]
V  [jvm.dll+0x8b77c3]
V  [jvm.dll+0x284346]
V  [jvm.dll+0x6d4355]
V  [jvm.dll+0x6c808a]
V  [jvm.dll+0x35edb8]
V  [jvm.dll+0x3669f6]
V  [jvm.dll+0x3b7afe]
V  [jvm.dll+0x3b7da8]
V  [jvm.dll+0x332fbc]
V  [jvm.dll+0x333047]
V  [jvm.dll+0x376e1c]
V  [jvm.dll+0x3755be]
V  [jvm.dll+0x332701]
V  [jvm.dll+0x374c2a]
V  [jvm.dll+0x8bd4b0]
V  [jvm.dll+0x8be824]
V  [jvm.dll+0x8bed50]
V  [jvm.dll+0x8beff3]
V  [jvm.dll+0x85f59d]
V  [jvm.dll+0x6d626d]
C  [ucrtbase.dll+0x2cd30]
C  [KERNEL32.DLL+0x2ccb7]
C  [ntdll.dll+0xaad6c]

VM_Operation (0x000000d40fefdef0): G1CollectForAllocation, mode: safepoint, requested by thread 0x0000021d97cbb640


---------------  P R O C E S S  ---------------

Threads class SMR info:
_java_thread_list=0x0000021db4367f40, length=13, elements={
0x0000021d97cbb640, 0x0000021db307b890, 0x0000021db307c2f0, 0x0000021db307efc0,
0x0000021db307f630, 0x0000021db3080090, 0x0000021db309efa0, 0x0000021db308cb80,
0x0000021db3092b30, 0x0000021db3222f50, 0x0000021db3231370, 0x0000021db34f3d20,
0x0000021db4514fc0
}

Java Threads: ( => current thread )
  0x0000021d97cbb640 JavaThread "main"                              [_thread_blocked, id=22188, stack(0x000000d40fe00000,0x000000d40ff00000) (1024K)]
  0x0000021db307b890 JavaThread "Reference Handler"          daemon [_thread_blocked, id=5512, stack(0x000000d410600000,0x000000d410700000) (1024K)]
  0x0000021db307c2f0 JavaThread "Finalizer"                  daemon [_thread_blocked, id=18508, stack(0x000000d410700000,0x000000d410800000) (1024K)]
  0x0000021db307efc0 JavaThread "Signal Dispatcher"          daemon [_thread_blocked, id=12576, stack(0x000000d410800000,0x000000d410900000) (1024K)]
  0x0000021db307f630 JavaThread "Attach Listener"            daemon [_thread_blocked, id=16356, stack(0x000000d410900000,0x000000d410a00000) (1024K)]
  0x0000021db3080090 JavaThread "Service Thread"             daemon [_thread_blocked, id=11732, stack(0x000000d410a00000,0x000000d410b00000) (1024K)]
  0x0000021db309efa0 JavaThread "Monitor Deflation Thread"   daemon [_thread_blocked, id=4788, stack(0x000000d410b00000,0x000000d410c00000) (1024K)]
  0x0000021db308cb80 JavaThread "C2 CompilerThread0"         daemon [_thread_blocked, id=6024, stack(0x000000d410c00000,0x000000d410d00000) (1024K)]
  0x0000021db3092b30 JavaThread "C1 CompilerThread0"         daemon [_thread_blocked, id=13492, stack(0x000000d410d00000,0x000000d410e00000) (1024K)]
  0x0000021db3222f50 JavaThread "Notification Thread"        daemon [_thread_blocked, id=9452, stack(0x000000d410e00000,0x000000d410f00000) (1024K)]
  0x0000021db3231370 JavaThread "Common-Cleaner"             daemon [_thread_blocked, id=12704, stack(0x000000d410f00000,0x000000d411000000) (1024K)]
  0x0000021db34f3d20 JavaThread "C2 CompilerThread1"         daemon [_thread_blocked, id=14712, stack(0x000000d411000000,0x000000d411100000) (1024K)]
  0x0000021db4514fc0 JavaThread "C2 CompilerThread2"         daemon [_thread_blocked, id=13388, stack(0x000000d411600000,0x000000d411700000) (1024K)]
Total: 13

Other Threads:
=>0x0000021db3020df0 VMThread "VM Thread"                           [id=21360, stack(0x000000d410500000,0x000000d410600000) (1024K)]
  0x0000021dae9acbe0 WatcherThread "VM Periodic Task Thread"        [id=21544, stack(0x000000d410400000,0x000000d410500000) (1024K)]
  0x0000021d97d120e0 WorkerThread "GC Thread#0"                     [id=9556, stack(0x000000d40ff00000,0x000000d410000000) (1024K)]
  0x0000021db4086880 WorkerThread "GC Thread#1"                     [id=7832, stack(0x000000d411100000,0x000000d411200000) (1024K)]
  0x0000021db41dd930 WorkerThread "GC Thread#2"                     [id=22128, stack(0x000000d411200000,0x000000d411300000) (1024K)]
  0x0000021db41ddce0 WorkerThread "GC Thread#3"                     [id=13520, stack(0x000000d411300000,0x000000d411400000) (1024K)]
  0x0000021db41de090 WorkerThread "GC Thread#4"                     [id=4476, stack(0x000000d411400000,0x000000d411500000) (1024K)]
  0x0000021db41de840 WorkerThread "GC Thread#5"                     [id=9824, stack(0x000000d411500000,0x000000d411600000) (1024K)]
  0x0000021db4420cc0 WorkerThread "GC Thread#6"                     [id=8068, stack(0x000000d411700000,0x000000d411800000) (1024K)]
  0x0000021db4421880 WorkerThread "GC Thread#7"                     [id=13872, stack(0x000000d411800000,0x000000d411900000) (1024K)]
  0x0000021d97d23d60 ConcurrentGCThread "G1 Main Marker"            [id=9112, stack(0x000000d410000000,0x000000d410100000) (1024K)]
  0x0000021d97d24e20 WorkerThread "G1 Conc#0"                       [id=13808, stack(0x000000d410100000,0x000000d410200000) (1024K)]
  0x0000021db4421c30 WorkerThread "G1 Conc#1"                       [id=11196, stack(0x000000d411900000,0x000000d411a00000) (1024K)]
  0x0000021dae876f80 ConcurrentGCThread "G1 Refine#0"               [id=20988, stack(0x000000d410200000,0x000000d410300000) (1024K)]
  0x0000021dae8797d0 ConcurrentGCThread "G1 Service"                [id=12436, stack(0x000000d410300000,0x000000d410400000) (1024K)]
Total: 15

Threads with active compile tasks:
C2 CompilerThread0  6478 2494       4       org.languagetool.rules.patterns.PatternRuleHandler::endElement (2398 bytes)
C2 CompilerThread1  6478 2487       4       org.languagetool.rules.patterns.PatternRuleHandler::startElement (3709 bytes)
C2 CompilerThread2  6478 2634       4       java.util.TimSort::binarySort (223 bytes)
Total: 3

VM state: at safepoint (normal execution)

VM Mutex/Monitor currently owned by a thread:  ([mutex/lock_event])
[0x00007ff9acb4e560] Threads_lock - owner thread: 0x0000021db3020df0
[0x00007ff9acb4e660] Heap_lock - owner thread: 0x0000021d97cbb640

Heap address: 0x0000000080000000, size: 2048 MB, Compressed Oops mode: 32-bit

CDS archive(s) not mapped
Compressed class space mapped at: 0x0000000100000000-0x0000000140000000, reserved size: 1073741824
Narrow klass base: 0x0000000000000000, Narrow klass shift: 3, Narrow klass range: 0x140000000

GC Precious Log:
 CardTable entry size: 512
 Card Set container configuration: InlinePtr #cards 5 size 8 Array Of Cards #cards 12 size 40 Howl #buckets 4 coarsen threshold 1843 Howl Bitmap #cards 512 size 80 coarsen threshold 460 Card regions per heap region 1 cards per card region 2048
 CPUs: 8 total, 8 available
 Memory: 8059M
 Large Page Support: Disabled
 NUMA Support: Disabled
 Compressed Oops: Enabled (32-bit)
 Heap Region Size: 1M
 Heap Min Capacity: 64M
 Heap Initial Capacity: 64M
 Heap Max Capacity: 2G
 Pre-touch: Disabled
 Parallel Workers: 8
 Concurrent Workers: 2
 Concurrent Refinement Workers: 8
 Periodic GC: Disabled

Heap:
 garbage-first heap   total 95232K, used 30586K [0x0000000080000000, 0x0000000100000000)
  region size 1024K, 1 young (1024K), 1 survivors (1024K)
 Metaspace       used 23464K, committed 23680K, reserved 1114112K
  class space    used 2266K, committed 2368K, reserved 1048576K

Heap Regions: E=young(eden), S=young(survivor), O=old, HS=humongous(starts), HC=humongous(continues), CS=collection set, F=free, TAMS=top-at-mark-start, PB=parsable bottom
|   0|0x0000000080000000, 0x0000000080100000, 0x0000000080100000|100%| O|  |TAMS 0x0000000080000000| PB 0x0000000080000000| Untracked 
|   1|0x0000000080100000, 0x0000000080200000, 0x0000000080200000|100%| O|  |TAMS 0x0000000080100000| PB 0x0000000080100000| Untracked 
|   2|0x0000000080200000, 0x0000000080300000, 0x0000000080300000|100%| O|  |TAMS 0x0000000080200000| PB 0x0000000080200000| Untracked 
|   3|0x0000000080300000, 0x0000000080400000, 0x0000000080400000|100%| O|  |TAMS 0x0000000080300000| PB 0x0000000080300000| Untracked 
|   4|0x0000000080400000, 0x0000000080500000, 0x0000000080500000|100%| O|  |TAMS 0x0000000080400000| PB 0x0000000080400000| Untracked 
|   5|0x0000000080500000, 0x0000000080600000, 0x0000000080600000|100%| O|  |TAMS 0x0000000080500000| PB 0x0000000080500000| Untracked 
|   6|0x0000000080600000, 0x0000000080700000, 0x0000000080700000|100%| O|  |TAMS 0x0000000080600000| PB 0x0000000080600000| Untracked 
|   7|0x0000000080700000, 0x0000000080800000, 0x0000000080800000|100%| O|  |TAMS 0x0000000080700000| PB 0x0000000080700000| Untracked 
|   8|0x0000000080800000, 0x0000000080900000, 0x0000000080900000|100%|HS|  |TAMS 0x0000000080800000| PB 0x0000000080800000| Complete 
|   9|0x0000000080900000, 0x0000000080a00000, 0x0000000080a00000|100%| O|  |TAMS 0x0000000080900000| PB 0x0000000080900000| Untracked 
|  10|0x0000000080a00000, 0x0000000080b00000, 0x0000000080b00000|100%| O|  |TAMS 0x0000000080a00000| PB 0x0000000080a00000| Untracked 
|  11|0x0000000080b00000, 0x0000000080c00000, 0x0000000080c00000|100%| O|  |TAMS 0x0000000080b00000| PB 0x0000000080b00000| Untracked 
|  12|0x0000000080c00000, 0x0000000080d00000, 0x0000000080d00000|100%| O|  |TAMS 0x0000000080c00000| PB 0x0000000080c00000| Untracked 
|  13|0x0000000080d00000, 0x0000000080e00000, 0x0000000080e00000|100%| O|  |TAMS 0x0000000080d00000| PB 0x0000000080d00000| Untracked 
|  14|0x0000000080e00000, 0x0000000080f00000, 0x0000000080f00000|100%| O|  |TAMS 0x0000000080e00000| PB 0x0000000080e00000| Untracked 
|  15|0x0000000080f00000, 0x0000000081000000, 0x0000000081000000|100%| O|  |TAMS 0x0000000080f00000| PB 0x0000000080f00000| Untracked 
|  16|0x0000000081000000, 0x0000000081100000, 0x0000000081100000|100%| O|  |TAMS 0x0000000081000000| PB 0x0000000081000000| Untracked 
|  17|0x0000000081100000, 0x0000000081200000, 0x0000000081200000|100%| O|  |TAMS 0x0000000081100000| PB 0x0000000081100000| Untracked 
|  18|0x0000000081200000, 0x0000000081300000, 0x0000000081300000|100%| O|  |TAMS 0x0000000081200000| PB 0x0000000081200000| Untracked 
|  19|0x0000000081300000, 0x0000000081400000, 0x0000000081400000|100%| O|  |TAMS 0x0000000081300000| PB 0x0000000081300000| Untracked 
|  20|0x0000000081400000, 0x0000000081500000, 0x0000000081500000|100%| O|  |TAMS 0x0000000081400000| PB 0x0000000081400000| Untracked 
|  21|0x0000000081500000, 0x0000000081600000, 0x0000000081600000|100%| O|  |TAMS 0x0000000081500000| PB 0x0000000081500000| Untracked 
|  22|0x0000000081600000, 0x0000000081700000, 0x0000000081700000|100%| O|  |TAMS 0x0000000081600000| PB 0x0000000081600000| Untracked 
|  23|0x0000000081700000, 0x0000000081800000, 0x0000000081800000|100%| O|  |TAMS 0x0000000081700000| PB 0x0000000081700000| Untracked 
|  24|0x0000000081800000, 0x0000000081900000, 0x0000000081900000|100%| O|  |TAMS 0x0000000081800000| PB 0x0000000081800000| Untracked 
|  25|0x0000000081900000, 0x0000000081a00000, 0x0000000081a00000|100%|HS|  |TAMS 0x0000000081900000| PB 0x0000000081900000| Complete 
|  26|0x0000000081a00000, 0x0000000081b00000, 0x0000000081b00000|100%| O|  |TAMS 0x0000000081a00000| PB 0x0000000081a00000| Untracked 
|  27|0x0000000081b00000, 0x0000000081c00000, 0x0000000081c00000|100%| O|  |TAMS 0x0000000081b00000| PB 0x0000000081b00000| Untracked 
|  28|0x0000000081c00000, 0x0000000081d00000, 0x0000000081d00000|100%| O|  |TAMS 0x0000000081c00000| PB 0x0000000081c00000| Untracked 
|  29|0x0000000081d00000, 0x0000000081d0fc60, 0x0000000081e00000|  6%| O|  |TAMS 0x0000000081d00000| PB 0x0000000081d00000| Untracked 
|  30|0x0000000081e00000, 0x0000000081e00000, 0x0000000081f00000|  0%| F|  |TAMS 0x0000000081e00000| PB 0x0000000081e00000| Untracked 
|  31|0x0000000081f00000, 0x0000000081f00000, 0x0000000082000000|  0%| F|  |TAMS 0x0000000081f00000| PB 0x0000000081f00000| Untracked 
|  32|0x0000000082000000, 0x0000000082000000, 0x0000000082100000|  0%| F|  |TAMS 0x0000000082000000| PB 0x0000000082000000| Untracked 
|  33|0x0000000082100000, 0x0000000082100000, 0x0000000082200000|  0%| F|  |TAMS 0x0000000082100000| PB 0x0000000082100000| Untracked 
|  34|0x0000000082200000, 0x0000000082200000, 0x0000000082300000|  0%| F|  |TAMS 0x0000000082200000| PB 0x0000000082200000| Untracked 
|  35|0x0000000082300000, 0x0000000082300000, 0x0000000082400000|  0%| F|  |TAMS 0x0000000082300000| PB 0x0000000082300000| Untracked 
|  36|0x0000000082400000, 0x0000000082400000, 0x0000000082500000|  0%| F|  |TAMS 0x0000000082400000| PB 0x0000000082400000| Untracked 
|  37|0x0000000082500000, 0x0000000082500000, 0x0000000082600000|  0%| F|  |TAMS 0x0000000082500000| PB 0x0000000082500000| Untracked 
|  38|0x0000000082600000, 0x0000000082600000, 0x0000000082700000|  0%| F|  |TAMS 0x0000000082600000| PB 0x0000000082600000| Untracked 
|  39|0x0000000082700000, 0x0000000082700000, 0x0000000082800000|  0%| F|  |TAMS 0x0000000082700000| PB 0x0000000082700000| Untracked 
|  40|0x0000000082800000, 0x0000000082800000, 0x0000000082900000|  0%| F|  |TAMS 0x0000000082800000| PB 0x0000000082800000| Untracked 
|  41|0x0000000082900000, 0x0000000082900000, 0x0000000082a00000|  0%| F|  |TAMS 0x0000000082900000| PB 0x0000000082900000| Untracked 
|  42|0x0000000082a00000, 0x0000000082a00000, 0x0000000082b00000|  0%| F|  |TAMS 0x0000000082a00000| PB 0x0000000082a00000| Untracked 
|  43|0x0000000082b00000, 0x0000000082b00000, 0x0000000082c00000|  0%| F|  |TAMS 0x0000000082b00000| PB 0x0000000082b00000| Untracked 
|  44|0x0000000082c00000, 0x0000000082c00000, 0x0000000082d00000|  0%| F|  |TAMS 0x0000000082c00000| PB 0x0000000082c00000| Untracked 
|  45|0x0000000082d00000, 0x0000000082d00000, 0x0000000082e00000|  0%| F|  |TAMS 0x0000000082d00000| PB 0x0000000082d00000| Untracked 
|  46|0x0000000082e00000, 0x0000000082e00000, 0x0000000082f00000|  0%| F|  |TAMS 0x0000000082e00000| PB 0x0000000082e00000| Untracked 
|  47|0x0000000082f00000, 0x0000000082f00000, 0x0000000083000000|  0%| F|  |TAMS 0x0000000082f00000| PB 0x0000000082f00000| Untracked 
|  48|0x0000000083000000, 0x0000000083000000, 0x0000000083100000|  0%| F|  |TAMS 0x0000000083000000| PB 0x0000000083000000| Untracked 
|  49|0x0000000083100000, 0x0000000083100000, 0x0000000083200000|  0%| F|  |TAMS 0x0000000083100000| PB 0x0000000083100000| Untracked 
|  50|0x0000000083200000, 0x0000000083200000, 0x0000000083300000|  0%| F|  |TAMS 0x0000000083200000| PB 0x0000000083200000| Untracked 
|  51|0x0000000083300000, 0x0000000083300000, 0x0000000083400000|  0%| F|  |TAMS 0x0000000083300000| PB 0x0000000083300000| Untracked 
|  52|0x0000000083400000, 0x0000000083400000, 0x0000000083500000|  0%| F|  |TAMS 0x0000000083400000| PB 0x0000000083400000| Untracked 
|  53|0x0000000083500000, 0x0000000083500000, 0x0000000083600000|  0%| F|  |TAMS 0x0000000083500000| PB 0x0000000083500000| Untracked 
|  54|0x0000000083600000, 0x0000000083600000, 0x0000000083700000|  0%| F|  |TAMS 0x0000000083600000| PB 0x0000000083600000| Untracked 
|  55|0x0000000083700000, 0x0000000083700000, 0x0000000083800000|  0%| F|  |TAMS 0x0000000083700000| PB 0x0000000083700000| Untracked 
|  56|0x0000000083800000, 0x0000000083800000, 0x0000000083900000|  0%| F|  |TAMS 0x0000000083800000| PB 0x0000000083800000| Untracked 
|  57|0x0000000083900000, 0x0000000083900000, 0x0000000083a00000|  0%| F|  |TAMS 0x0000000083900000| PB 0x0000000083900000| Untracked 
|  58|0x0000000083a00000, 0x0000000083a00000, 0x0000000083b00000|  0%| F|  |TAMS 0x0000000083a00000| PB 0x0000000083a00000| Untracked 
|  59|0x0000000083b00000, 0x0000000083b00000, 0x0000000083c00000|  0%| F|  |TAMS 0x0000000083b00000| PB 0x0000000083b00000| Untracked 
|  60|0x0000000083c00000, 0x0000000083c00000, 0x0000000083d00000|  0%| F|  |TAMS 0x0000000083c00000| PB 0x0000000083c00000| Untracked 
|  61|0x0000000083d00000, 0x0000000083d00000, 0x0000000083e00000|  0%| F|  |TAMS 0x0000000083d00000| PB 0x0000000083d00000| Untracked 
|  62|0x0000000083e00000, 0x0000000083e00000, 0x0000000083f00000|  0%| F|  |TAMS 0x0000000083e00000| PB 0x0000000083e00000| Untracked 
|  63|0x0000000083f00000, 0x0000000083f00000, 0x0000000084000000|  0%| F|  |TAMS 0x0000000083f00000| PB 0x0000000083f00000| Untracked 
|  64|0x0000000084000000, 0x0000000084000000, 0x0000000084100000|  0%| F|  |TAMS 0x0000000084000000| PB 0x0000000084000000| Untracked 
|  65|0x0000000084100000, 0x0000000084100000, 0x0000000084200000|  0%| F|  |TAMS 0x0000000084100000| PB 0x0000000084100000| Untracked 
|  66|0x0000000084200000, 0x0000000084200000, 0x0000000084300000|  0%| F|  |TAMS 0x0000000084200000| PB 0x0000000084200000| Untracked 
|  67|0x0000000084300000, 0x0000000084300000, 0x0000000084400000|  0%| F|  |TAMS 0x0000000084300000| PB 0x0000000084300000| Untracked 
|  68|0x0000000084400000, 0x0000000084400000, 0x0000000084500000|  0%| F|  |TAMS 0x0000000084400000| PB 0x0000000084400000| Untracked 
|  69|0x0000000084500000, 0x0000000084500000, 0x0000000084600000|  0%| F|  |TAMS 0x0000000084500000| PB 0x0000000084500000| Untracked 
|  70|0x0000000084600000, 0x0000000084600000, 0x0000000084700000|  0%| F|  |TAMS 0x0000000084600000| PB 0x0000000084600000| Untracked 
|  71|0x0000000084700000, 0x0000000084700000, 0x0000000084800000|  0%| F|  |TAMS 0x0000000084700000| PB 0x0000000084700000| Untracked 
|  72|0x0000000084800000, 0x0000000084800000, 0x0000000084900000|  0%| F|  |TAMS 0x0000000084800000| PB 0x0000000084800000| Untracked 
|  73|0x0000000084900000, 0x0000000084900000, 0x0000000084a00000|  0%| F|  |TAMS 0x0000000084900000| PB 0x0000000084900000| Untracked 
|  74|0x0000000084a00000, 0x0000000084a00000, 0x0000000084b00000|  0%| F|  |TAMS 0x0000000084a00000| PB 0x0000000084a00000| Untracked 
|  75|0x0000000084b00000, 0x0000000084b00000, 0x0000000084c00000|  0%| F|  |TAMS 0x0000000084b00000| PB 0x0000000084b00000| Untracked 
|  76|0x0000000084c00000, 0x0000000084c00000, 0x0000000084d00000|  0%| F|  |TAMS 0x0000000084c00000| PB 0x0000000084c00000| Untracked 
|  77|0x0000000084d00000, 0x0000000084d00000, 0x0000000084e00000|  0%| F|  |TAMS 0x0000000084d00000| PB 0x0000000084d00000| Untracked 
|  78|0x0000000084e00000, 0x0000000084e00000, 0x0000000084f00000|  0%| F|  |TAMS 0x0000000084e00000| PB 0x0000000084e00000| Untracked 
|  79|0x0000000084f00000, 0x0000000084f00000, 0x0000000085000000|  0%| F|  |TAMS 0x0000000084f00000| PB 0x0000000084f00000| Untracked 
|  80|0x0000000085000000, 0x0000000085000000, 0x0000000085100000|  0%| F|  |TAMS 0x0000000085000000| PB 0x0000000085000000| Untracked 
|  81|0x0000000085100000, 0x0000000085100000, 0x0000000085200000|  0%| F|  |TAMS 0x0000000085100000| PB 0x0000000085100000| Untracked 
|  82|0x0000000085200000, 0x0000000085200000, 0x0000000085300000|  0%| F|  |TAMS 0x0000000085200000| PB 0x0000000085200000| Untracked 
|  83|0x0000000085300000, 0x0000000085300000, 0x0000000085400000|  0%| F|  |TAMS 0x0000000085300000| PB 0x0000000085300000| Untracked 
|  84|0x0000000085400000, 0x0000000085400000, 0x0000000085500000|  0%| F|  |TAMS 0x0000000085400000| PB 0x0000000085400000| Untracked 
|  85|0x0000000085500000, 0x0000000085500000, 0x0000000085600000|  0%| F|  |TAMS 0x0000000085500000| PB 0x0000000085500000| Untracked 
|  86|0x0000000085600000, 0x0000000085600000, 0x0000000085700000|  0%| F|  |TAMS 0x0000000085600000| PB 0x0000000085600000| Untracked 
|  87|0x0000000085700000, 0x0000000085700000, 0x0000000085800000|  0%| F|  |TAMS 0x0000000085700000| PB 0x0000000085700000| Untracked 
|  88|0x0000000085800000, 0x00000000858ceec0, 0x0000000085900000| 80%| S|CS|TAMS 0x0000000085800000| PB 0x0000000085800000| Complete 
|  89|0x0000000085900000, 0x0000000085900000, 0x0000000085a00000|  0%| F|  |TAMS 0x0000000085900000| PB 0x0000000085900000| Untracked 
|  90|0x0000000085a00000, 0x0000000085a00000, 0x0000000085b00000|  0%| F|  |TAMS 0x0000000085a00000| PB 0x0000000085a00000| Untracked 
|  91|0x0000000085b00000, 0x0000000085b00000, 0x0000000085c00000|  0%| F|  |TAMS 0x0000000085b00000| PB 0x0000000085b00000| Untracked 
|  92|0x0000000085c00000, 0x0000000085c00000, 0x0000000085d00000|  0%| F|  |TAMS 0x0000000085c00000| PB 0x0000000085c00000| Untracked 

Card table byte_map: [0x0000021da9dc0000,0x0000021daa1c0000] _byte_map_base: 0x0000021da99c0000

Marking Bits: (CMBitMap*) 0x0000021d97d12600
 Bits: [0x0000021daa1c0000, 0x0000021dac1c0000)

Polling page: 0x0000021d95a80000

Metaspace:

Usage:
  Non-class:     20.70 MB used.
      Class:      2.21 MB used.
       Both:     22.91 MB used.

Virtual space:
  Non-class space:       64.00 MB reserved,      20.81 MB ( 33%) committed,  1 nodes.
      Class space:        1.00 GB reserved,       2.31 MB ( <1%) committed,  1 nodes.
             Both:        1.06 GB reserved,      23.12 MB (  2%) committed. 

Chunk freelists:
   Non-Class:  10.62 MB
       Class:  13.53 MB
        Both:  24.16 MB

MaxMetaspaceSize: unlimited
CompressedClassSpaceSize: 1.00 GB
Initial GC threshold: 21.00 MB
Current GC threshold: 35.12 MB
CDS: off
 - commit_granule_bytes: 65536.
 - commit_granule_words: 8192.
 - virtual_space_node_default_size: 8388608.
 - enlarge_chunks_in_place: 1.
 - use_allocation_guard: 0.


Internal statistics:

num_allocs_failed_limit: 3.
num_arena_births: 152.
num_arena_deaths: 0.
num_vsnodes_births: 2.
num_vsnodes_deaths: 0.
num_space_committed: 369.
num_space_uncommitted: 0.
num_chunks_returned_to_freelist: 3.
num_chunks_taken_from_freelist: 492.
num_chunk_merges: 0.
num_chunk_splits: 319.
num_chunks_enlarged: 232.
num_inconsistent_stats: 0.

CodeHeap 'non-profiled nmethods': size=120000Kb used=1394Kb max_used=1394Kb free=118605Kb
 bounds [0x0000021da2160000, 0x0000021da23d0000, 0x0000021da9690000]
CodeHeap 'profiled nmethods': size=120000Kb used=5347Kb max_used=5347Kb free=114652Kb
 bounds [0x0000021d9a690000, 0x0000021d9abd0000, 0x0000021da1bc0000]
CodeHeap 'non-nmethods': size=5760Kb used=1408Kb max_used=1477Kb free=4351Kb
 bounds [0x0000021da1bc0000, 0x0000021da1e30000, 0x0000021da2160000]
CodeCache: size=245760Kb, used=8149Kb, max_used=8218Kb, free=237608Kb
 total_blobs=3165, nmethods=2598, adapters=471, full_count=0
Compilation: enabled, stopped_count=0, restarted_count=0

Compilation events (20 events):
Event: 4.366 Thread 0x0000021db34f3d20 nmethod 2611 0x0000021da22aeb10 code [0x0000021da22aefa0, 0x0000021da22b1720]
Event: 4.366 Thread 0x0000021db34f3d20 2630       4       com.sun.org.apache.xerces.internal.impl.XMLEntityScanner::scanLiteral (398 bytes)
Event: 4.369 Thread 0x0000021db4514fc0 nmethod 2559 0x0000021da22b2f90 code [0x0000021da22b3560, 0x0000021da22b6fd8]
Event: 4.371 Thread 0x0000021db4514fc0 2634       4       java.util.TimSort::binarySort (223 bytes)
Event: 4.377 Thread 0x0000021db34f3d20 nmethod 2630 0x0000021da22b9590 code [0x0000021da22b97c0, 0x0000021da22ba078]
Event: 4.377 Thread 0x0000021db34f3d20 2617       4       com.sun.org.apache.xerces.internal.util.XMLAttributesImpl::addAttribute (679 bytes)
Event: 4.394 Thread 0x0000021db3092b30 2638       2       java.util.stream.AbstractPipeline$$Lambda/0x0000000100240000::get (8 bytes)
Event: 4.394 Thread 0x0000021db3092b30 nmethod 2638 0x0000021d9abc6a10 code [0x0000021d9abc6bc0, 0x0000021d9abc6cf0]
Event: 4.394 Thread 0x0000021db3092b30 2639       2       java.util.stream.AbstractPipeline::lambda$spliterator$0 (6 bytes)
Event: 4.394 Thread 0x0000021db3092b30 nmethod 2639 0x0000021d9abc6e10 code [0x0000021d9abc6fc0, 0x0000021d9abc70e8]
Event: 4.394 Thread 0x0000021db3092b30 2640       2       java.util.stream.StreamSpliterators$WrappingSpliterator::forEachRemaining (63 bytes)
Event: 4.395 Thread 0x0000021db3092b30 nmethod 2640 0x0000021d9abc7190 code [0x0000021d9abc73c0, 0x0000021d9abc7960]
Event: 4.395 Thread 0x0000021db3092b30 2641       2       java.util.stream.StreamSpliterators$WrappingSpliterator$$Lambda/0x0000000100240960::<init> (10 bytes)
Event: 4.395 Thread 0x0000021db3092b30 nmethod 2641 0x0000021d9abc7c10 code [0x0000021d9abc7da0, 0x0000021d9abc7ef0]
Event: 4.407 Thread 0x0000021db34f3d20 nmethod 2617 0x0000021da22ba610 code [0x0000021da22ba860, 0x0000021da22bc1d0]
Event: 4.407 Thread 0x0000021db34f3d20 2485       4       com.sun.org.apache.xerces.internal.impl.dtd.XMLDTDValidator::addDTDDefaultAttrsAndValidate (1031 bytes)
Event: 4.407 Thread 0x0000021db34f3d20 nmethod 2485 0x0000021da22bc890 code [0x0000021da22bca20, 0x0000021da22bcad8]
Event: 4.407 Thread 0x0000021db34f3d20 2487       4       org.languagetool.rules.patterns.PatternRuleHandler::startElement (3709 bytes)
Event: 4.423 Thread 0x0000021db3092b30 2645       2       java.util.regex.Pattern$BnM::optimize (179 bytes)
Event: 4.423 Thread 0x0000021db3092b30 nmethod 2645 0x0000021d9abc7f90 code [0x0000021d9abc81a0, 0x0000021d9abc8a00]

GC Heap History (19 events):
Event: 0.723 GC heap before
{Heap before GC invocations=0 (full 0):
 garbage-first heap   total 65536K, used 23552K [0x0000000080000000, 0x0000000100000000)
  region size 1024K, 23 young (23552K), 0 survivors (0K)
 Metaspace       used 14587K, committed 14784K, reserved 1114112K
  class space    used 1318K, committed 1408K, reserved 1048576K
}
Event: 0.730 GC heap after
{Heap after GC invocations=1 (full 0):
 garbage-first heap   total 65536K, used 7872K [0x0000000080000000, 0x0000000100000000)
  region size 1024K, 3 young (3072K), 3 survivors (3072K)
 Metaspace       used 14587K, committed 14784K, reserved 1114112K
  class space    used 1318K, committed 1408K, reserved 1048576K
}
Event: 1.147 GC heap before
{Heap before GC invocations=1 (full 0):
 garbage-first heap   total 65536K, used 21184K [0x0000000080000000, 0x0000000100000000)
  region size 1024K, 18 young (18432K), 3 survivors (3072K)
 Metaspace       used 21402K, committed 21504K, reserved 1114112K
  class space    used 2065K, committed 2112K, reserved 1048576K
}
Event: 1.155 GC heap after
{Heap after GC invocations=2 (full 0):
 garbage-first heap   total 65536K, used 10603K [0x0000000080000000, 0x0000000100000000)
  region size 1024K, 3 young (3072K), 3 survivors (3072K)
 Metaspace       used 21402K, committed 21504K, reserved 1114112K
  class space    used 2065K, committed 2112K, reserved 1048576K
}
Event: 1.726 GC heap before
{Heap before GC invocations=3 (full 0):
 garbage-first heap   total 65536K, used 36203K [0x0000000080000000, 0x0000000100000000)
  region size 1024K, 28 young (28672K), 3 survivors (3072K)
 Metaspace       used 23002K, committed 23232K, reserved 1114112K
  class space    used 2222K, committed 2368K, reserved 1048576K
}
Event: 1.745 GC heap after
{Heap after GC invocations=4 (full 0):
 garbage-first heap   total 65536K, used 19167K [0x0000000080000000, 0x0000000100000000)
  region size 1024K, 4 young (4096K), 4 survivors (4096K)
 Metaspace       used 23002K, committed 23232K, reserved 1114112K
  class space    used 2222K, committed 2368K, reserved 1048576K
}
Event: 1.950 GC heap before
{Heap before GC invocations=4 (full 0):
 garbage-first heap   total 65536K, used 41695K [0x0000000080000000, 0x0000000100000000)
  region size 1024K, 26 young (26624K), 4 survivors (4096K)
 Metaspace       used 23137K, committed 23424K, reserved 1114112K
  class space    used 2227K, committed 2368K, reserved 1048576K
}
Event: 1.961 GC heap after
{Heap after GC invocations=5 (full 0):
 garbage-first heap   total 65536K, used 22429K [0x0000000080000000, 0x0000000100000000)
  region size 1024K, 3 young (3072K), 3 survivors (3072K)
 Metaspace       used 23137K, committed 23424K, reserved 1114112K
  class space    used 2227K, committed 2368K, reserved 1048576K
}
Event: 2.182 GC heap before
{Heap before GC invocations=5 (full 0):
 garbage-first heap   total 65536K, used 45981K [0x0000000080000000, 0x0000000100000000)
  region size 1024K, 26 young (26624K), 3 survivors (3072K)
 Metaspace       used 23167K, committed 23424K, reserved 1114112K
  class space    used 2228K, committed 2368K, reserved 1048576K
}
Event: 2.196 GC heap after
{Heap after GC invocations=6 (full 0):
 garbage-first heap   total 65536K, used 25485K [0x0000000080000000, 0x0000000100000000)
  region size 1024K, 3 young (3072K), 3 survivors (3072K)
 Metaspace       used 23167K, committed 23424K, reserved 1114112K
  class space    used 2228K, committed 2368K, reserved 1048576K
}
Event: 3.315 GC heap before
{Heap before GC invocations=6 (full 0):
 garbage-first heap   total 65536K, used 53133K [0x0000000080000000, 0x0000000100000000)
  region size 1024K, 26 young (26624K), 3 survivors (3072K)
 Metaspace       used 23461K, committed 23680K, reserved 1114112K
  class space    used 2266K, committed 2368K, reserved 1048576K
}
Event: 4.364 GC heap after
{Heap after GC invocations=7 (full 0):
 garbage-first heap   total 95232K, used 29253K [0x0000000080000000, 0x0000000100000000)
  region size 1024K, 3 young (3072K), 3 survivors (3072K)
 Metaspace       used 23461K, committed 23680K, reserved 1114112K
  class space    used 2266K, committed 2368K, reserved 1048576K
}
Event: 4.372 GC heap before
{Heap before GC invocations=7 (full 0):
 garbage-first heap   total 95232K, used 30277K [0x0000000080000000, 0x0000000100000000)
  region size 1024K, 4 young (4096K), 3 survivors (3072K)
 Metaspace       used 23461K, committed 23680K, reserved 1114112K
  class space    used 2266K, committed 2368K, reserved 1048576K
}
Event: 4.376 GC heap after
{Heap after GC invocations=8 (full 0):
 garbage-first heap   total 95232K, used 29767K [0x0000000080000000, 0x0000000100000000)
  region size 1024K, 1 young (1024K), 1 survivors (1024K)
 Metaspace       used 23461K, committed 23680K, reserved 1114112K
  class space    used 2266K, committed 2368K, reserved 1048576K
}
Event: 4.397 GC heap before
{Heap before GC invocations=8 (full 0):
 garbage-first heap   total 95232K, used 32839K [0x0000000080000000, 0x0000000100000000)
  region size 1024K, 4 young (4096K), 1 survivors (1024K)
 Metaspace       used 23463K, committed 23680K, reserved 1114112K
  class space    used 2266K, committed 2368K, reserved 1048576K
}
Event: 4.399 GC heap after
{Heap after GC invocations=9 (full 0):
 garbage-first heap   total 95232K, used 29768K [0x0000000080000000, 0x0000000100000000)
  region size 1024K, 1 young (1024K), 1 survivors (1024K)
 Metaspace       used 23463K, committed 23680K, reserved 1114112K
  class space    used 2266K, committed 2368K, reserved 1048576K
}
Event: 4.415 GC heap before
{Heap before GC invocations=9 (full 0):
 garbage-first heap   total 95232K, used 32840K [0x0000000080000000, 0x0000000100000000)
  region size 1024K, 4 young (4096K), 1 survivors (1024K)
 Metaspace       used 23463K, committed 23680K, reserved 1114112K
  class space    used 2266K, committed 2368K, reserved 1048576K
}
Event: 4.417 GC heap after
{Heap after GC invocations=10 (full 0):
 garbage-first heap   total 95232K, used 30126K [0x0000000080000000, 0x0000000100000000)
  region size 1024K, 1 young (1024K), 1 survivors (1024K)
 Metaspace       used 23463K, committed 23680K, reserved 1114112K
  class space    used 2266K, committed 2368K, reserved 1048576K
}
Event: 4.433 GC heap before
{Heap before GC invocations=10 (full 0):
 garbage-first heap   total 95232K, used 33198K [0x0000000080000000, 0x0000000100000000)
  region size 1024K, 4 young (4096K), 1 survivors (1024K)
 Metaspace       used 23464K, committed 23680K, reserved 1114112K
  class space    used 2266K, committed 2368K, reserved 1048576K
}

Dll operation events (9 events):
Event: 0.008 Loaded shared library c:\Users\vi_ba\.vscode\extensions\ltex-plus.vscode-ltex-plus-15.7.1\lib\ltex-ls-plus-18.7.0\jdk-21.0.10+7\bin\java.dll
Event: 0.012 Loaded shared library c:\Users\vi_ba\.vscode\extensions\ltex-plus.vscode-ltex-plus-15.7.1\lib\ltex-ls-plus-18.7.0\jdk-21.0.10+7\bin\zip.dll
Event: 0.063 Loaded shared library c:\Users\vi_ba\.vscode\extensions\ltex-plus.vscode-ltex-plus-15.7.1\lib\ltex-ls-plus-18.7.0\jdk-21.0.10+7\bin\jsvml.dll
Event: 0.254 Loaded shared library C:\Users\vi_ba\.vscode\extensions\ltex-plus.vscode-ltex-plus-15.7.1\lib\ltex-ls-plus-18.7.0\jdk-21.0.10+7\bin\net.dll
Event: 0.257 Loaded shared library C:\Users\vi_ba\.vscode\extensions\ltex-plus.vscode-ltex-plus-15.7.1\lib\ltex-ls-plus-18.7.0\jdk-21.0.10+7\bin\nio.dll
Event: 0.264 Loaded shared library C:\Users\vi_ba\.vscode\extensions\ltex-plus.vscode-ltex-plus-15.7.1\lib\ltex-ls-plus-18.7.0\jdk-21.0.10+7\bin\zip.dll
Event: 0.356 Loaded shared library C:\Users\vi_ba\.vscode\extensions\ltex-plus.vscode-ltex-plus-15.7.1\lib\ltex-ls-plus-18.7.0\jdk-21.0.10+7\bin\jimage.dll
Event: 0.393 Loaded shared library C:\Temp\jansi-2.4.3-c08b370c938ed34a-jansi.dll
Event: 0.407 Loaded shared library c:\Users\vi_ba\.vscode\extensions\ltex-plus.vscode-ltex-plus-15.7.1\lib\ltex-ls-plus-18.7.0\jdk-21.0.10+7\bin\verify.dll

Deoptimization events (20 events):
Event: 3.307 Thread 0x0000021d97cbb640 Uncommon trap: trap_request=0xffffff76 fr.pc=0x0000021da22a9df4 relative=0x00000000000035d4
Event: 3.307 Thread 0x0000021d97cbb640 Uncommon trap: reason=predicate action=maybe_recompile pc=0x0000021da22a9df4 method=java.util.TimSort.binarySort([Ljava/lang/Object;IIILjava/util/Comparator;)V @ 34 c2
Event: 3.307 Thread 0x0000021d97cbb640 DEOPT PACKING pc=0x0000021da22a9df4 sp=0x000000d40fefd950
Event: 3.307 Thread 0x0000021d97cbb640 DEOPT UNPACKING pc=0x0000021da1c143a2 sp=0x000000d40fefd950 mode 2
Event: 4.378 Thread 0x0000021d97cbb640 Uncommon trap: trap_request=0xffffffc6 fr.pc=0x0000021da21fe164 relative=0x0000000000000204
Event: 4.378 Thread 0x0000021d97cbb640 Uncommon trap: reason=bimorphic_or_optimized_type_check action=maybe_recompile pc=0x0000021da21fe164 method=java.lang.Character.codePointAt(Ljava/lang/CharSequence;I)I @ 2 c2
Event: 4.378 Thread 0x0000021d97cbb640 DEOPT PACKING pc=0x0000021da21fe164 sp=0x000000d40fefd990
Event: 4.378 Thread 0x0000021d97cbb640 DEOPT UNPACKING pc=0x0000021da1c143a2 sp=0x000000d40fefd918 mode 2
Event: 4.378 Thread 0x0000021d97cbb640 Uncommon trap: trap_request=0xffffffc6 fr.pc=0x0000021da21fe164 relative=0x0000000000000204
Event: 4.378 Thread 0x0000021d97cbb640 Uncommon trap: reason=bimorphic_or_optimized_type_check action=maybe_recompile pc=0x0000021da21fe164 method=java.lang.Character.codePointAt(Ljava/lang/CharSequence;I)I @ 2 c2
Event: 4.378 Thread 0x0000021d97cbb640 DEOPT PACKING pc=0x0000021da21fe164 sp=0x000000d40fefd990
Event: 4.378 Thread 0x0000021d97cbb640 DEOPT UNPACKING pc=0x0000021da1c143a2 sp=0x000000d40fefd918 mode 2
Event: 4.378 Thread 0x0000021d97cbb640 Uncommon trap: trap_request=0xffffffc6 fr.pc=0x0000021da21fe164 relative=0x0000000000000204
Event: 4.378 Thread 0x0000021d97cbb640 Uncommon trap: reason=bimorphic_or_optimized_type_check action=maybe_recompile pc=0x0000021da21fe164 method=java.lang.Character.codePointAt(Ljava/lang/CharSequence;I)I @ 2 c2
Event: 4.378 Thread 0x0000021d97cbb640 DEOPT PACKING pc=0x0000021da21fe164 sp=0x000000d40fefd990
Event: 4.378 Thread 0x0000021d97cbb640 DEOPT UNPACKING pc=0x0000021da1c143a2 sp=0x000000d40fefd918 mode 2
Event: 4.378 Thread 0x0000021d97cbb640 Uncommon trap: trap_request=0xffffffc6 fr.pc=0x0000021da21fe164 relative=0x0000000000000204
Event: 4.378 Thread 0x0000021d97cbb640 Uncommon trap: reason=bimorphic_or_optimized_type_check action=maybe_recompile pc=0x0000021da21fe164 method=java.lang.Character.codePointAt(Ljava/lang/CharSequence;I)I @ 2 c2
Event: 4.378 Thread 0x0000021d97cbb640 DEOPT PACKING pc=0x0000021da21fe164 sp=0x000000d40fefd990
Event: 4.378 Thread 0x0000021d97cbb640 DEOPT UNPACKING pc=0x0000021da1c143a2 sp=0x000000d40fefd918 mode 2

Classes loaded (20 events):
Event: 3.293 Loading class java/lang/invoke/VarHandleByteArrayAsFloats$ArrayHandle
Event: 3.294 Loading class java/lang/invoke/VarHandleByteArrayAsFloats$ByteArrayViewVarHandle
Event: 3.294 Loading class java/lang/invoke/VarHandleByteArrayAsFloats$ByteArrayViewVarHandle done
Event: 3.294 Loading class java/lang/invoke/VarHandleByteArrayAsFloats$ArrayHandle done
Event: 3.294 Loading class java/lang/invoke/VarHandleByteArrayAsDoubles$ArrayHandle
Event: 3.294 Loading class java/lang/invoke/VarHandleByteArrayAsDoubles$ByteArrayViewVarHandle
Event: 3.294 Loading class java/lang/invoke/VarHandleByteArrayAsDoubles$ByteArrayViewVarHandle done
Event: 3.294 Loading class java/lang/invoke/VarHandleByteArrayAsDoubles$ArrayHandle done
Event: 3.295 Loading class java/util/RegularEnumSet$EnumSetIterator
Event: 3.295 Loading class java/util/RegularEnumSet$EnumSetIterator done
Event: 3.300 Loading class java/util/EnumMap$EntrySet
Event: 3.300 Loading class java/util/EnumMap$EntrySet done
Event: 3.300 Loading class java/util/EnumMap$EntryIterator
Event: 3.300 Loading class java/util/EnumMap$EnumMapIterator
Event: 3.300 Loading class java/util/EnumMap$EnumMapIterator done
Event: 3.300 Loading class java/util/EnumMap$EntryIterator done
Event: 3.300 Loading class java/util/EnumMap$EntryIterator$Entry
Event: 3.300 Loading class java/util/EnumMap$EntryIterator$Entry done
Event: 3.301 Loading class java/lang/NoSuchFieldError
Event: 3.301 Loading class java/lang/NoSuchFieldError done

Classes unloaded (0 events):
No events

Classes redefined (0 events):
No events

Internal exceptions (20 events):
Event: 0.394 Thread 0x0000021d97cbb640 Exception <a 'java/lang/NullPointerException'{0x0000000083847f10}> (0x0000000083847f10) 
thrown [s\src\hotspot\share\interpreter\linkResolver.cpp, line 1372]
Event: 0.395 Thread 0x0000021d97cbb640 Exception <a 'java/lang/NullPointerException'{0x000000008384e5d8}> (0x000000008384e5d8) 
thrown [s\src\hotspot\share\interpreter\linkResolver.cpp, line 1372]
Event: 0.396 Thread 0x0000021d97cbb640 Exception <a 'java/lang/NullPointerException'{0x0000000083862930}> (0x0000000083862930) 
thrown [s\src\hotspot\share\interpreter\linkResolver.cpp, line 1372]
Event: 0.396 Thread 0x0000021d97cbb640 Exception <a 'java/lang/NullPointerException'{0x0000000083862c10}> (0x0000000083862c10) 
thrown [s\src\hotspot\share\interpreter\linkResolver.cpp, line 1372]
Event: 0.396 Thread 0x0000021d97cbb640 Exception <a 'java/lang/NullPointerException'{0x0000000083862ef0}> (0x0000000083862ef0) 
thrown [s\src\hotspot\share\interpreter\linkResolver.cpp, line 1372]
Event: 0.396 Thread 0x0000021d97cbb640 Exception <a 'java/lang/NullPointerException'{0x00000000838631d0}> (0x00000000838631d0) 
thrown [s\src\hotspot\share\interpreter\linkResolver.cpp, line 1372]
Event: 0.546 Thread 0x0000021d97cbb640 Exception <a 'java/lang/NoSuchMethodError'{0x00000000831ccc78}: 'int java.lang.invoke.DirectMethodHandle$Holder.invokeSpecial(java.lang.Object, java.lang.Object, java.lang.Object)'> (0x00000000831ccc78) 
thrown [s\src\hotspot\share\interpreter\linkResolver.cpp, line 773]
Event: 0.547 Thread 0x0000021d97cbb640 Exception <a 'java/lang/NoSuchMethodError'{0x00000000831d7530}: 'void java.lang.invoke.DelegatingMethodHandle$Holder.reinvoke_L(java.lang.Object, java.lang.Object, int)'> (0x00000000831d7530) 
thrown [s\src\hotspot\share\interpreter\linkResolver.cpp, line 773]
Event: 0.547 Thread 0x0000021d97cbb640 Exception <a 'java/lang/NoSuchMethodError'{0x00000000831dded0}: 'int java.lang.invoke.Invokers$Holder.invokeExact_MT(java.lang.Object, java.lang.Object, java.lang.Object)'> (0x00000000831dded0) 
thrown [s\src\hotspot\share\interpreter\linkResolver.cpp, line 773]
Event: 0.549 Thread 0x0000021d97cbb640 Exception <a 'java/lang/NoSuchMethodError'{0x00000000831eeaf8}: 'void java.lang.invoke.Invokers$Holder.invokeExact_MT(java.lang.Object, java.lang.Object, java.lang.Object, java.lang.Object)'> (0x00000000831eeaf8) 
thrown [s\src\hotspot\share\interpreter\linkResolver.cpp, line 773]
Event: 0.580 Thread 0x0000021d97cbb640 Exception <a 'java/lang/NoSuchMethodError'{0x0000000082f544c0}: 'void java.lang.invoke.DirectMethodHandle$Holder.invokeVirtual(java.lang.Object, java.lang.Object)'> (0x0000000082f544c0) 
thrown [s\src\hotspot\share\interpreter\linkResolver.cpp, line 773]
Event: 0.705 Thread 0x0000021d97cbb640 Exception <a 'java/lang/NoSuchMethodError'{0x000000008296eb50}: 'java.lang.Object java.lang.invoke.DirectMethodHandle$Holder.invokeStaticInit(java.lang.Object, java.lang.Object, java.lang.Object)'> (0x000000008296eb50) 
thrown [s\src\hotspot\share\interpreter\linkResolver.cpp, line 773]
Event: 0.709 Thread 0x0000021d97cbb640 Exception <a 'java/lang/NoClassDefFoundError'{0x0000000082997768}: org/apache/logging/log4j/spi/LoggerAdapter> (0x0000000082997768) 
thrown [s\src\hotspot\share\classfile\systemDictionary.cpp, line 301]
Event: 0.768 Thread 0x0000021d97cbb640 Exception <a 'java/lang/ClassNotFoundException'{0x0000000083f65f60}: com/sun/org/apache/xerces/internal/impl/xpath/regex/spi/messageProvider> (0x0000000083f65f60) 
thrown [s\src\hotspot\share\classfile\systemDictionary.cpp, line 312]
Event: 0.949 Thread 0x0000021d97cbb640 Exception <a 'java/lang/NoSuchMethodError'{0x00000000837ece38}: 'java.lang.Object java.lang.invoke.DirectMethodHandle$Holder.invokeInterface(java.lang.Object, java.lang.Object)'> (0x00000000837ece38) 
thrown [s\src\hotspot\share\interpreter\linkResolver.cpp, line 773]
Event: 0.950 Thread 0x0000021d97cbb640 Exception <a 'java/lang/IncompatibleClassChangeError'{0x00000000837f0410}: Found class java.lang.Object, but interface was expected> (0x00000000837f0410) 
thrown [s\src\hotspot\share\interpreter\linkResolver.cpp, line 840]
Event: 1.168 Thread 0x0000021d97cbb640 Exception <a 'java/lang/NoSuchMethodError'{0x0000000083f08f90}: 'java.lang.Object java.lang.invoke.Invokers$Holder.invokeExact_MT(java.lang.Object, java.lang.Object, java.lang.Object, java.lang.Object, java.lang.Object, java.lang.Object)'> (0x0000000083f08f90) 
thrown [s\src\hotspot\share\interpreter\linkResolver.cpp, line 773]
Event: 1.206 Thread 0x0000021d97cbb640 Exception <a 'java/lang/NoSuchMethodError'{0x0000000083e24ba0}: 'int java.lang.invoke.DirectMethodHandle$Holder.invokeVirtual(java.lang.Object, java.lang.Object, java.lang.Object)'> (0x0000000083e24ba0) 
thrown [s\src\hotspot\share\interpreter\linkResolver.cpp, line 773]
Event: 1.250 Thread 0x0000021d97cbb640 Exception <a 'java/lang/NoSuchMethodError'{0x0000000083b0cd98}: 'void java.lang.invoke.DirectMethodHandle$Holder.invokeInterface(java.lang.Object, java.lang.Object, java.lang.Object)'> (0x0000000083b0cd98) 
thrown [s\src\hotspot\share\interpreter\linkResolver.cpp, line 773]
Event: 1.309 Thread 0x0000021d97cbb640 Exception <a 'java/lang/NoSuchMethodError'{0x0000000083bf5fe8}: 'java.lang.Object java.lang.invoke.DirectMethodHandle$Holder.invokeVirtual(java.lang.Object, java.lang.Object, java.lang.Object)'> (0x0000000083bf5fe8) 
thrown [s\src\hotspot\share\interpreter\linkResolver.cpp, line 773]

ZGC Phase Switch (0 events):
No events

VM Operations (20 events):
Event: 1.443 Executing safepoint VM operation: ICBufferFull done
Event: 1.718 Executing safepoint VM operation: ICBufferFull
Event: 1.718 Executing safepoint VM operation: ICBufferFull done
Event: 1.726 Executing safepoint VM operation: G1CollectForAllocation (G1 Evacuation Pause)
Event: 1.745 Executing safepoint VM operation: G1CollectForAllocation (G1 Evacuation Pause) done
Event: 1.950 Executing safepoint VM operation: G1CollectForAllocation (G1 Evacuation Pause)
Event: 1.961 Executing safepoint VM operation: G1CollectForAllocation (G1 Evacuation Pause) done
Event: 2.182 Executing safepoint VM operation: G1CollectForAllocation (G1 Evacuation Pause)
Event: 2.196 Executing safepoint VM operation: G1CollectForAllocation (G1 Evacuation Pause) done
Event: 3.197 Executing safepoint VM operation: Cleanup
Event: 3.197 Executing safepoint VM operation: Cleanup done
Event: 3.315 Executing safepoint VM operation: G1CollectForAllocation (G1 Evacuation Pause)
Event: 4.364 Executing safepoint VM operation: G1CollectForAllocation (G1 Evacuation Pause) done
Event: 4.372 Executing safepoint VM operation: G1CollectForAllocation (G1 Evacuation Pause)
Event: 4.376 Executing safepoint VM operation: G1CollectForAllocation (G1 Evacuation Pause) done
Event: 4.397 Executing safepoint VM operation: G1CollectForAllocation (G1 Evacuation Pause)
Event: 4.399 Executing safepoint VM operation: G1CollectForAllocation (G1 Evacuation Pause) done
Event: 4.415 Executing safepoint VM operation: G1CollectForAllocation (G1 Evacuation Pause)
Event: 4.417 Executing safepoint VM operation: G1CollectForAllocation (G1 Evacuation Pause) done
Event: 4.433 Executing safepoint VM operation: G1CollectForAllocation (G1 Evacuation Pause)

Memory protections (0 events):
No events

Nmethod flushes (0 events):
No events

Events (15 events):
Event: 0.012 Thread 0x0000021d97cbb640 Thread added: 0x0000021d97cbb640
Event: 0.059 Thread 0x0000021d97cbb640 Thread added: 0x0000021db307b890
Event: 0.059 Thread 0x0000021d97cbb640 Thread added: 0x0000021db307c2f0
Event: 0.060 Thread 0x0000021d97cbb640 Thread added: 0x0000021db307efc0
Event: 0.060 Thread 0x0000021d97cbb640 Thread added: 0x0000021db307f630
Event: 0.060 Thread 0x0000021d97cbb640 Thread added: 0x0000021db3080090
Event: 0.061 Thread 0x0000021d97cbb640 Thread added: 0x0000021db309efa0
Event: 0.061 Thread 0x0000021d97cbb640 Thread added: 0x0000021db308cb80
Event: 0.061 Thread 0x0000021d97cbb640 Thread added: 0x0000021db3092b30
Event: 0.240 Thread 0x0000021d97cbb640 Thread added: 0x0000021db3222f50
Event: 0.246 Thread 0x0000021d97cbb640 Thread added: 0x0000021db3231370
Event: 0.287 Thread 0x0000021db308cb80 Thread added: 0x0000021db34f3d20
Event: 0.354 Thread 0x0000021d97cbb640 Thread added: 0x0000021db372e2f0
Event: 0.363 Thread 0x0000021db372e2f0 Thread exited: 0x0000021db372e2f0
Event: 1.057 Thread 0x0000021db3092b30 Thread added: 0x0000021db4514fc0


Dynamic libraries:
0x00007ff711df0000 - 0x00007ff711dfe000 	c:\Users\vi_ba\.vscode\extensions\ltex-plus.vscode-ltex-plus-15.7.1\lib\ltex-ls-plus-18.7.0\jdk-21.0.10+7\bin\java.exe
0x00007ffa40060000 - 0x00007ffa402c6000 	C:\WINDOWS\SYSTEM32\ntdll.dll
0x00007ffa3e520000 - 0x00007ffa3e5e9000 	C:\WINDOWS\System32\KERNEL32.DLL
0x00007ffa3d550000 - 0x00007ffa3d94f000 	C:\WINDOWS\System32\KERNELBASE.dll
0x00007ffa3d270000 - 0x00007ffa3d3bc000 	C:\WINDOWS\System32\ucrtbase.dll
0x00007ffa36010000 - 0x00007ffa36028000 	c:\Users\vi_ba\.vscode\extensions\ltex-plus.vscode-ltex-plus-15.7.1\lib\ltex-ls-plus-18.7.0\jdk-21.0.10+7\bin\jli.dll
0x00007ffa35970000 - 0x00007ffa3598e000 	c:\Users\vi_ba\.vscode\extensions\ltex-plus.vscode-ltex-plus-15.7.1\lib\ltex-ls-plus-18.7.0\jdk-21.0.10+7\bin\VCRUNTIME140.dll
0x00007ffa3ecd0000 - 0x00007ffa3ee96000 	C:\WINDOWS\System32\USER32.dll
0x00007ffa3da10000 - 0x00007ffa3da37000 	C:\WINDOWS\System32\win32u.dll
0x00007ffa25e60000 - 0x00007ffa260f1000 	C:\WINDOWS\WinSxS\amd64_microsoft.windows.common-controls_6595b64144ccf1df_6.0.26100.8972_none_3e0da176e32f9d4b\COMCTL32.dll
0x00007ffa3df20000 - 0x00007ffa3dfc9000 	C:\WINDOWS\System32\msvcrt.dll
0x00007ffa3dea0000 - 0x00007ffa3decb000 	C:\WINDOWS\System32\GDI32.dll
0x00007ffa3dad0000 - 0x00007ffa3dbf9000 	C:\WINDOWS\System32\gdi32full.dll
0x00007ffa3d960000 - 0x00007ffa3da03000 	C:\WINDOWS\System32\msvcp_win.dll
0x00007ffa3e3a0000 - 0x00007ffa3e3d2000 	C:\WINDOWS\System32\IMM32.DLL
0x00007ffa38eb0000 - 0x00007ffa38ebc000 	c:\Users\vi_ba\.vscode\extensions\ltex-plus.vscode-ltex-plus-15.7.1\lib\ltex-ls-plus-18.7.0\jdk-21.0.10+7\bin\vcruntime140_1.dll
0x00007ffa31830000 - 0x00007ffa318bd000 	c:\Users\vi_ba\.vscode\extensions\ltex-plus.vscode-ltex-plus-15.7.1\lib\ltex-ls-plus-18.7.0\jdk-21.0.10+7\bin\msvcp140.dll
0x00007ff9abe90000 - 0x00007ff9acc31000 	c:\Users\vi_ba\.vscode\extensions\ltex-plus.vscode-ltex-plus-15.7.1\lib\ltex-ls-plus-18.7.0\jdk-21.0.10+7\bin\server\jvm.dll
0x00007ffa3efe0000 - 0x00007ffa3f09c000 	C:\WINDOWS\System32\ADVAPI32.dll
0x00007ffa3e790000 - 0x00007ffa3e83a000 	C:\WINDOWS\System32\sechost.dll
0x00007ffa3f2a0000 - 0x00007ffa3f3b8000 	C:\WINDOWS\System32\RPCRT4.dll
0x00007ffa3e3e0000 - 0x00007ffa3e462000 	C:\WINDOWS\System32\WS2_32.dll
0x00007ffa3bd90000 - 0x00007ffa3bdee000 	C:\WINDOWS\SYSTEM32\POWRPROF.dll
0x00007ffa349f0000 - 0x00007ffa349fb000 	C:\WINDOWS\SYSTEM32\VERSION.dll
0x00007ffa2e730000 - 0x00007ffa2e766000 	C:\WINDOWS\SYSTEM32\WINMM.dll
0x00007ffa3bd70000 - 0x00007ffa3bd85000 	C:\WINDOWS\SYSTEM32\UMPDC.dll
0x00007ffa3c060000 - 0x00007ffa3c07b000 	C:\WINDOWS\SYSTEM32\kernel.appcore.dll
0x00007ffa36f00000 - 0x00007ffa36f0a000 	c:\Users\vi_ba\.vscode\extensions\ltex-plus.vscode-ltex-plus-15.7.1\lib\ltex-ls-plus-18.7.0\jdk-21.0.10+7\bin\jimage.dll
0x00007ffa3a860000 - 0x00007ffa3aaa2000 	C:\WINDOWS\SYSTEM32\DBGHELP.DLL
0x00007ffa3fb60000 - 0x00007ffa3fee5000 	C:\WINDOWS\System32\combase.dll
0x00007ffa3dd90000 - 0x00007ffa3de69000 	C:\WINDOWS\System32\OLEAUT32.dll
0x00007ffa08c20000 - 0x00007ffa08c5b000 	C:\WINDOWS\SYSTEM32\dbgcore.DLL
0x00007ffa3d3d0000 - 0x00007ffa3d47c000 	C:\WINDOWS\System32\bcryptPrimitives.dll
0x00007ffa31810000 - 0x00007ffa31830000 	c:\Users\vi_ba\.vscode\extensions\ltex-plus.vscode-ltex-plus-15.7.1\lib\ltex-ls-plus-18.7.0\jdk-21.0.10+7\bin\java.dll
0x00007ffa317f0000 - 0x00007ffa31808000 	c:\Users\vi_ba\.vscode\extensions\ltex-plus.vscode-ltex-plus-15.7.1\lib\ltex-ls-plus-18.7.0\jdk-21.0.10+7\bin\zip.dll
0x00007ffa3f3d0000 - 0x00007ffa3fb58000 	C:\WINDOWS\System32\SHELL32.dll
0x00007ffa3ad20000 - 0x00007ffa3b5bb000 	C:\WINDOWS\SYSTEM32\windows.storage.dll
0x00007ffa3e2a0000 - 0x00007ffa3e399000 	C:\WINDOWS\System32\SHCORE.dll
0x00007ffa3e030000 - 0x00007ffa3e096000 	C:\WINDOWS\System32\shlwapi.dll
0x00007ffa3d190000 - 0x00007ffa3d1b9000 	C:\WINDOWS\SYSTEM32\profapi.dll
0x00007ffa31710000 - 0x00007ffa317e7000 	c:\Users\vi_ba\.vscode\extensions\ltex-plus.vscode-ltex-plus-15.7.1\lib\ltex-ls-plus-18.7.0\jdk-21.0.10+7\bin\jsvml.dll
0x00007ffa36e40000 - 0x00007ffa36e50000 	C:\Users\vi_ba\.vscode\extensions\ltex-plus.vscode-ltex-plus-15.7.1\lib\ltex-ls-plus-18.7.0\jdk-21.0.10+7\bin\net.dll
0x00007ffa34e90000 - 0x00007ffa34fb8000 	C:\WINDOWS\SYSTEM32\WINHTTP.dll
0x00007ffa3c630000 - 0x00007ffa3c69c000 	C:\WINDOWS\system32\mswsock.dll
0x00007ffa316f0000 - 0x00007ffa31706000 	C:\Users\vi_ba\.vscode\extensions\ltex-plus.vscode-ltex-plus-15.7.1\lib\ltex-ls-plus-18.7.0\jdk-21.0.10+7\bin\nio.dll
0x00007ffa316c0000 - 0x00007ffa316e4000 	C:\Temp\jansi-2.4.3-c08b370c938ed34a-jansi.dll
0x00007ffa316b0000 - 0x00007ffa316c0000 	c:\Users\vi_ba\.vscode\extensions\ltex-plus.vscode-ltex-plus-15.7.1\lib\ltex-ls-plus-18.7.0\jdk-21.0.10+7\bin\verify.dll

JVMTI agents: none

dbghelp: loaded successfully - version: 4.0.5 - missing functions: none
symbol engine: initialized successfully - sym options: 0x614 - pdb path: .;c:\Users\vi_ba\.vscode\extensions\ltex-plus.vscode-ltex-plus-15.7.1\lib\ltex-ls-plus-18.7.0\jdk-21.0.10+7\bin;C:\WINDOWS\SYSTEM32;C:\WINDOWS\WinSxS\amd64_microsoft.windows.common-controls_6595b64144ccf1df_6.0.26100.8972_none_3e0da176e32f9d4b;c:\Users\vi_ba\.vscode\extensions\ltex-plus.vscode-ltex-plus-15.7.1\lib\ltex-ls-plus-18.7.0\jdk-21.0.10+7\bin\server;C:\Temp

VM Arguments:
jvm_args: -Xms64m -Xmx2048m -Dapp.name=ltex-ls-plus -Dapp.repo=c:\Users\vi_ba\.vscode\extensions\ltex-plus.vscode-ltex-plus-15.7.1\lib\ltex-ls-plus-18.7.0\lib -Dapp.home=c:\Users\vi_ba\.vscode\extensions\ltex-plus.vscode-ltex-plus-15.7.1\lib\ltex-ls-plus-18.7.0 -Dbasedir=c:\Users\vi_ba\.vscode\extensions\ltex-plus.vscode-ltex-plus-15.7.1\lib\ltex-ls-plus-18.7.0 
java_command: org.bsplines.ltexls.LtexLanguageServerLauncher
java_class_path (initial): c:\Users\vi_ba\.vscode\extensions\ltex-plus.vscode-ltex-plus-15.7.1\lib\ltex-ls-plus-18.7.0\etc;c:\Users\vi_ba\.vscode\extensions\ltex-plus.vscode-ltex-plus-15.7.1\lib\ltex-ls-plus-18.7.0\lib\aho-corasick-double-array-trie-1.2.2.jar;c:\Users\vi_ba\.vscode\extensions\ltex-plus.vscode-ltex-plus-15.7.1\lib\ltex-ls-plus-18.7.0\lib\angus-activation-2.0.2.jar;c:\Users\vi_ba\.vscode\extensions\ltex-plus.vscode-ltex-plus-15.7.1\lib\ltex-ls-plus-18.7.0\lib\animal-sniffer-annotations-1.24.jar;c:\Users\vi_ba\.vscode\extensions\ltex-plus.vscode-ltex-plus-15.7.1\lib\ltex-ls-plus-18.7.0\lib\annotations-12.0.jar;c:\Users\vi_ba\.vscode\extensions\ltex-plus.vscode-ltex-plus-15.7.1\lib\ltex-ls-plus-18.7.0\lib\annotations-13.0.jar;c:\Users\vi_ba\.vscode\extensions\ltex-plus.vscode-ltex-plus-15.7.1\lib\ltex-ls-plus-18.7.0\lib\annotations-4.1.1.4.jar;c:\Users\vi_ba\.vscode\extensions\ltex-plus.vscode-ltex-plus-15.7.1\lib\ltex-ls-plus-18.7.0\lib\asturian-pos-dict-0.1.jar;c:\Users\vi_ba\.vscode\extensions\ltex-plus.vscode-ltex-plus-15.7.1\lib\ltex-ls-plus-18.7.0\lib\catalan-pos-dict-3.3.jar;c:\Users\vi_ba\.vscode\extensions\ltex-plus.vscode-ltex-plus-15.7.1\lib\ltex-ls-plus-18.7.0\lib\commons-digester-2.1.jar;c:\Users\vi_ba\.vscode\extensions\ltex-plus.vscode-ltex-plus-15.7.1\lib\ltex-ls-plus-18.7.0\lib\commons-lang3-3.18.0.jar;c:\Users\vi_ba\.vscode\extensions\ltex-plus.vscode-ltex-plus-15.7.1\lib\ltex-ls-plus-18.7.0\lib\commons-logging-1.3.4.jar;c:\Users\vi_ba\.vscode\extensions\ltex-plus.vscode-ltex-plus-15.7.1\lib\ltex-ls-plus-18.7.0\lib\commons-pool2-2.12.0.jar;c:\Users\vi_ba\.vscode\extensions\ltex-plus.vscode-ltex-plus-15.7.1\lib\ltex-ls-plus-18.7.0\lib\commons-text-1.12.0.jar;c:\Users\vi_ba\.vscode\extensions\ltex-plus.vscode-ltex-plus-15.7.1\lib\ltex-ls-plus-18.7.0\lib\commons-validator-1.9.0.jar;c:\Users\vi_ba\.vscode\extensions\ltex-plus.vscode-ltex-plus-15.7.1\lib\ltex-ls-plus-18.7.0\lib\dutch-pos-dict-0.1.jar;c:\Users\vi_ba\.vscode\extensions\ltex-plus.vscode-ltex-plus-15.7.1\lib\ltex-ls-plus-18.7.0\lib\english-pos-dict-0.6.jar;c:\Users\vi_ba\.vscode\extensions\ltex-plus.vscode-ltex-plus-15.7.1\lib\ltex-ls-plus-18.7.0\lib\error_prone_annotations-2.48.0.jar;c:\Users\vi_ba\.vscode\extensions\ltex-plus.vscode-ltex-plus-15.7.1\lib\ltex-ls-plus-18.7.0\lib\failureaccess-1.0.3.jar;c:\Users\vi_ba\.vscode\extensions\ltex-plus.vscode-ltex-plus-15.7.1\lib\ltex-ls-plus-18.7.0\lib\fastutil-core-8.5.14.jar;c:\Users\vi_ba\.vscode\extensions\ltex-plus.vscode-ltex-plus-15.7.1\lib\ltex-ls-plus-18.7.0\lib\flexmark-0.64.8.jar;c:\Users\vi_ba\.vscode\extensions\ltex-plus.vscode-ltex-plus-15.7.1\lib\ltex-ls-plus-18.7.0\lib\flexmark-ext-definition-0.64.8.jar;c:\Users\vi_ba\.vscode\extensions\ltex-plus.vscode-ltex-plus-15.7.1\lib\ltex-ls-plus-18.7.0\lib\flexmark-ext-gfm-strikethrough-0.64.8.jar;c:\Users\vi_ba\.vscode\extensions\ltex-plus.vscode-ltex-plus-15.7.1\lib\ltex-ls-plus-18.7.0\lib\flexmark-ext-gitlab-0.64.8.jar;c:\Users\vi_ba\.vscode\extensions\ltex-plus.vscode-ltex-plus-15.7.1\lib\ltex-ls-plus-18.7.0\lib\flexmark-ext-tables-0.64.8.jar;c:\Users\vi_ba\.vscode\extensions\ltex-plus.vscode-ltex-plus-15.7.1\lib\ltex-ls-plus-18.7.0\lib\flexmark-ext-yaml-front-matter-0.64.8.jar;c:\Users\vi_ba\.vscode\extensions\ltex-plus.vscode-ltex-plus-15.7.1\lib\ltex-ls-plus-18.7.0\lib\flexmark-test-util-0.64.8.jar;c:\Users\vi_ba\.vscode\extensions\ltex-plus.vscode-ltex-plus-15.7.1\lib\ltex-ls-plus-18.7.0\lib\flexmark-util-0.64.8.jar;c:\Users\vi_ba\.vscode\extensions\ltex-plus.vscode-ltex-plus-15.7.1\lib\ltex-ls-plus-18.7.0\lib\flexmark-util-ast-0.64.8.jar;c:\Users\vi_ba\.vscode\extensions\ltex-plus.vscode-ltex-plus-15.7.1\lib\ltex-ls-plus-18.7.0\lib\flexmark-util-builder-0.64.8.jar;c:\Users\vi_ba\.vscode\extensions\ltex-plus.vscode-ltex-plus-15.7.1\lib\ltex-ls-plus-18.7.0\lib\flexmark-util-collection-0.64.8.jar;c:\Users\vi_ba\.vscode\extensions\ltex-plus.vscode-ltex-plus-15.7.1\lib\ltex-ls-plus-18.7.0\lib\flexmark-util-data-0.64.8.jar;c:\Users\vi_ba\.vscode\extensions\ltex-plus.vscode-ltex-plus-15.7.1\lib\ltex-ls-plus-18.7.0\lib\flexmark-util-dependency-0.64.8.jar;c:\Users\vi_ba\.vscode\extensions\ltex-plus.vscode-ltex-plus-15.7.1\lib\ltex-ls-plus-18.7.0\lib\flexmark-util-format-0.64.8.jar;c:\Users\vi_ba\.vscode\extensions\ltex-plus.vscode-ltex-plus-15.7.1\lib\ltex-ls-plus-18.7.0\lib\flexmark-util-html-0.64.8.jar;c:\Users\vi_ba\.vscode\extensions\ltex-plus.vscode-ltex-plus-15.7.1\lib\ltex-ls-plus-18.7.0\lib\flexmark-util-misc-0.64.8.jar;c:\Users\vi_ba\.vscode\extensions\ltex-plus.vscode-ltex-plus-15.7.1\lib\ltex-ls-plus-18.7.0\lib\flexmark-util-options-0.64.8.jar;c:\Users\vi_ba\.vscode\extensions\ltex-plus.vscode-ltex-plus-15.7.1\lib\ltex-ls-plus-18.7.0\lib\flexmark-util-sequence-0.64.8.jar;c:\Users\vi_ba\.vscode\extensions\ltex-plus.vscode-ltex-plus-15.7.1\lib\ltex-ls-plus-18.7.0\lib\flexmark-util-visitor-0.64.8.jar;c:\Users\vi_ba\.vscode\extensions\ltex-plus.vscode-ltex-plus-15.7.1\lib\ltex-ls-plus-18.7.0\lib\french-pos-dict-0.7.jar;c:\Users\vi_ba\.vscode\extensions\ltex-plus.vscode-ltex-plus-15.7.1\lib\ltex-ls-plus-18.7.0\lib\german-pos-dict-1.2.4.jar;c:\Users\vi_ba\.vscode\extensions\ltex-plus.vscode-ltex-plus-15.7.1\lib\ltex-ls-plus-18.7.0\lib\grpc-api-1.75.0.jar;c:\Users\vi_ba\.vscode\extensions\ltex-plus.vscode-ltex-plus-15.7.1\lib\ltex-ls-plus-18.7.0\lib\grpc-context-1.75.0.jar;c:\Users\vi_ba\.vscode\extensions\ltex-plus.vscode-ltex-plus-15.7.1\lib\ltex-ls-plus-18.7.0\lib\grpc-core-1.75.0.jar;c:\Users\vi_ba\.vscode\extensions\ltex-plus.vscode-ltex-plus-15.7.1\lib\ltex-ls-plus-18.7.0\lib\grpc-netty-shaded-1.75.0.jar;c:\Users\vi_ba\.vscode\extensions\ltex-plus.vscode-ltex-plus-15.7.1\lib\ltex-ls-plus-18.7.0\lib\grpc-protobuf-1.75.0.jar;c:\Users\vi_ba\.vscode\extensions\ltex-plus.vscode-ltex-plus-15.7.1\lib\ltex-ls-plus-18.7.0\lib\grpc-protobuf-lite-1.75.0.jar;c:\Users\vi_ba\.vscode\extensions\ltex-plus.vscode-ltex-plus-15.7.1\lib\ltex-ls-plus-18.7.0\lib\grpc-stub-1.75.0.jar;c:\Users\vi_ba\.vscode\extensions\ltex-plus.vscode-ltex-plus-15.7.1\lib\ltex-ls-plus-18.7.0\lib\grpc-util-1.75.0.jar;c:\Users\vi_ba\.vscode\extensions\ltex-plus.vscode-ltex-plus-15.7.1\lib\ltex-ls-plus-18.7.0\lib\gson-2.14.0.jar;c:\Users\vi_ba\.vscode\extensions\ltex-plus.vscode-ltex-plus-15.7.1\lib\ltex-ls-plus-18.7.0\lib\guava-33.5.0-jre.jar;c:\Users\vi_ba\.vscode\extensions\ltex-plus.vscode-ltex-plus-15.7.1\lib\ltex-ls-plus-18.7.0\lib\hamcrest-core-1.3.jar;c:\Users\vi_ba\.vscode\extensions\ltex-plus.vscode-ltex-plus-15.7.1\lib\ltex-ls-plus-18.7.0\lib\hanlp-portable-1.8.2.jar;c:\Users\vi_ba\.vscode\extensions\ltex-plus.vscode-ltex-plus-15.7.1\lib\ltex-ls-plus-18.7.0\lib\HdrHistogram-2.1.12.jar;c:\Users\vi_ba\.vscode\extensions\ltex-plus.vscode-ltex-plus-15.7.1\lib\ltex-ls-plus-18.7.0\lib\hppc-0.8.2.jar;c:\Users\vi_ba\.vscode\extensions\ltex-plus.vscode-ltex-plus-15.7.1\lib\ltex-ls-plus-18.7.0\lib\hunspell-2.1.2.jar;c:\Users\vi_ba\.vscode\extensions\ltex-plus.vscode-ltex-plus-15.7.1\lib\ltex-ls-plus-18.7.0\lib\icu4j-77.1.jar;c:\Users\vi_ba\.vscode\extensions\ltex-plus.vscode-ltex-plus-15.7.1\lib\ltex-ls-plus-18.7.0\lib\indriya-1.3.jar;c:\Users\vi_ba\.vscode\extensions\ltex-plus.vscode-ltex-plus-15.7.1\lib\ltex-ls-plus-18.7.0\lib\istack-commons-runtime-4.1.2.jar;c:\Users\vi_ba\.vscode\extensions\ltex-plus.vscode-ltex-plus-15.7.1\lib\ltex-ls-plus-18.7.0\lib\j2objc-annotations-3.1.jar;c:\Users\vi_ba\.vscode\extensions\ltex-plus.vscode-ltex-plus-15.7.1\lib\ltex-ls-plus-18.7.0\lib\jackson-annotations-2.18.0.jar;c:\Users\vi_ba\.vscode\extensions\ltex-plus.vscode-ltex-plus-15.7.1\lib\ltex-ls-plus-18.7.0\lib\jackson-core-2.18.0.jar;c:\Users\vi_ba\.vscode\extensions\ltex-plus.vscode-ltex-plus-15.7.1\lib\ltex-ls-plus-18.7.0\lib\jackson-databind-2.18.0.jar;c:\Users\vi_ba\.vscode\extensions\ltex-plus.vscode-ltex-plus-15.7.1\lib\ltex-ls-plus-18.7.0\lib\jakarta.activation-1.2.2.jar;c:\Users\vi_ba\.vscode\extensions\ltex-plus.vscode-ltex-plus-15.7.1\lib\ltex-ls-plus-18.7.0\lib\jakarta.activation-api-2.1.3.jar;c:\Users\vi_ba\.vscode\extensions\ltex-plus.vscode-ltex-plus-15.7.1\lib\ltex-ls-plus-18.7.0\lib\jakarta.xml.bind-api-2.3.3.jar;c:\Users\vi_ba\.vscode\extensions\ltex-plus.vscode-ltex-plus-15.7.1\lib\ltex-ls-plus-18.7.0\lib\jansi-2.4.3.jar;c:\Users\vi_ba\.vscode\extensions\ltex-plus.vscode-ltex-plus-15.7.1\lib\ltex-ls-plus-18.7.0\lib\java-diff-utils-4.12.jar;c:\Users\vi_ba\.vscode\extensions\ltex-plus.vscode-ltex-plus-15.7.1\lib\ltex-ls-plus-18.7.0\lib\javax.activation-api-1.2.0.jar;c:\Users\vi_ba\.vscode\extensions\ltex-plus.vscode-ltex-plus-15.7.1\lib\ltex-ls-plus-18.7.0\lib\javax.annotation-api-1.3.2.jar;c:\Users\vi_ba\.vscode\extensions\ltex-plus.vscode-ltex-plus-15.7.1\lib\ltex-ls-plus-18.7.0\lib\jaxb-api-2.3.1.jar;c:\Users\vi_ba\.vscode\extensions\ltex-plus.vscode-ltex-plus-15.7.1\lib\ltex-ls-plus-18.7.0\lib\jaxb-core-2.3.0.1.jar;c:\Users\vi_ba\.vscode\extensions\ltex-plus.vscode-ltex-plus-15.7.1\lib\ltex-ls-plus-18.7.0\lib\jaxb-core-4.0.5.jar;c:\Users\vi_ba\.vscode\extensions\ltex-plus.vscode-ltex-plus-15.7.1\lib\ltex-ls-plus-18.7.0\lib\jaxb-impl-2.3.3.jar;c:\Users\vi_ba\.vscode\extensions\ltex-plus.vscode-ltex-plus-15.7.1\lib\ltex-ls-plus-18.7.0\lib\jaxb-runtime-4.0.5.jar;c:\Users\vi_ba\.vscode\extensions\ltex-plus.vscode-ltex-plus-15.7.1\lib\ltex-ls-plus-18.7.0\lib\jna-5.12.1.jar;c:\Users\vi_ba\.vscode\extensions\ltex-plus.vscode-ltex-plus-15.7.1\lib\ltex-ls-plus-18.7.0\lib\jna-platform-5.12.1.jar;c:\Users\vi_ba\.vscode\extensions\ltex-plus.vscode-ltex-plus-15.7.1\lib\ltex-ls-plus-18.7.0\lib\json-20240303.jar;c:\Users\vi_ba\.vscode\extensions\ltex-plus.vscode-ltex-plus-15.7.1\lib\ltex-ls-plus-18.7.0\lib\jsonic-1.2.11.jar;c:\Users\vi_ba\.vscode\extensions\ltex-plus.vscode-ltex-plus-15.7.1\lib\ltex-ls-plus-18.7.0\lib\jspecify-1.0.0.jar;c:\Users\vi_ba\.vscode\extensions\ltex-plus.vscode-ltex-plus-15.7.1\lib\ltex-ls-plus-18.7.0\lib\jsr305-3.0.2.jar;c:\Users\vi_ba\.vscode\extensions\ltex-plus.vscode-ltex-plus-15.7.1\lib\ltex-ls-plus-18.7.0\lib\junit-4.13.2.jar;c:\Users\vi_ba\.vscode\extensions\ltex-plus.vscode-ltex-plus-15.7.1\lib\ltex-ls-plus-18.7.0\lib\jwordsplitter-4.7.jar;c:\Users\vi_ba\.vscode\extensions\ltex-plus.vscode-ltex-plus-15.7.1\lib\ltex-ls-plus-18.7.0\lib\kotlin-stdlib-2.3.21.jar;c:\Users\vi_ba\.vscode\extensions\ltex-plus.vscode-ltex-plus-15.7.1\lib\ltex-ls-plus-18.7.0\lib\language-all-6.8.jar;c:\Users\vi_ba\.vscode\extensions\ltex-plus.vscode-ltex-plus-15.7.1\lib\ltex-ls-plus-18.7.0\lib\language-ar-6.8.jar;c:\Users\vi_ba\.vscode\extensions\ltex-plus.vscode-ltex-plus-15.7.1\lib\ltex-ls-plus-18.7.0\lib\language-ast-6.8.jar;c:\Users\vi_ba\.vscode\extensions\ltex-plus.vscode-ltex-plus-15.7.1\lib\ltex-ls-plus-18.7.0\lib\language-be-6.8.jar;c:\Users\vi_ba\.vscode\extensions\ltex-plus.vscode-ltex-plus-15.7.1\lib\ltex-ls-plus-18.7.0\lib\language-br-6.8.jar;c:\Users\vi_ba\.vscode\extensions\ltex-plus.vscode-ltex-plus-15.7.1\lib\ltex-ls-plus-18.7.0\lib\language-ca-6.8.jar;c:\Users\vi_ba\.vscode\extensions\ltex-plus.vscode-ltex-plus-15.7.1\lib\ltex-ls-plus-18.7.0\lib\language-crh-6.8.jar;c:\Users\vi_ba\.vscode\extensions\ltex-plus.vscode-ltex-plus-15.7.1\lib\ltex-ls-plus-18.7.0\lib\language-da-6.8.jar;c:\Users\vi_ba\.vscode\extensions\ltex-plus.vscode-ltex-plus-15.7.1\lib\ltex-ls-plus-18.7.0\lib\language-de-6.8.jar;c:\Users\vi_ba\.vscode\extensions\ltex-plus.vscode-ltex-plus-15.7.1\lib\ltex-ls-plus-18.7.0\lib\language-de-DE-x-simple-language-6.8.jar;c:\Users\vi_ba\.vscode\extensions\ltex-plus.vscode-ltex-plus-15.7.1\lib\ltex-ls-plus-18.7.0\lib\language-detector-0.6.jar;c:\Users\vi_ba\.vscode\extensions\ltex-plus.vscode-ltex-plus-15.7.1\lib\ltex-ls-plus-18.7.0\lib\language-el-6.8.jar;c:\Users\vi_ba\.vscode\extensions\ltex-plus.vscode-ltex-plus-15.7.1\lib\ltex-ls-plus-18.7.0\lib\language-en-6.8.jar;c:\Users\vi_ba\.vscode\extensions\ltex-plus.vscode-ltex-plus-15.7.1\lib\ltex-ls-plus-18.7.0\lib\language-eo-6.8.jar;c:\Users\vi_ba\.vscode\extensions\ltex-plus.vscode-ltex-plus-15.7.1\lib\ltex-ls-plus-18.7.0\lib\language-es-6.8.jar;c:\Users\vi_ba\.vscode\extensions\ltex-plus.vscode-ltex-plus-15.7.1\lib\ltex-ls-plus-18.7.0\lib\language-fa-6.8.jar;c:\Users\vi_ba\.vscode\extensions\ltex-plus.vscode-ltex-plus-15.7.1\lib\ltex-ls-plus-18.7.0\lib\language-fr-6.8.jar;c:\Users\vi_ba\.vscode\extensions\ltex-plus.vscode-ltex-plus-15.7.1\lib\ltex-ls-plus-18.7.0\lib\language-ga-6.8.jar;c:\Users\vi_ba\.vscode\extensions\ltex-plus.vscode-ltex-plus-15.7.1\lib\ltex-ls-plus-18.7.0\lib\language-gl-6.8.jar;c:\Users\vi_ba\.vscode\extensions\ltex-plus.vscode-ltex-plus-15.7.1\lib\ltex-ls-plus-18.7.0\lib\language-it-6.8.jar;c:\Users\vi_ba\.vscode\extensions\ltex-plus.vscode-ltex-plus-15.7.1\lib\ltex-ls-plus-18.7.0\lib\language-ja-6.8.jar;c:\Users\vi_ba\.vscode\extensions\ltex-plus.vscode-ltex-plus-15.7.1\lib\ltex-ls-plus-18.7.0\lib\language-km-6.8.jar;c:\Users\vi_ba\.vscode\extensions\ltex-plus.vscode-ltex-plus-15.7.1\lib\ltex-ls-plus-18.7.0\lib\language-nl-6.8.jar;c:\Users\vi_ba\.vscode\extensions\ltex-plus.vscode-ltex-plus-15.7.1\lib\ltex-ls-plus-18.7.0\lib\language-pl-6.8.jar;c:\Users\vi_ba\.vscode\extensions\ltex-plus.vscode-ltex-plus-15.7.1\lib\ltex-ls-plus-18.7.0\lib\language-pt-6.8.jar;c:\Users\vi_ba\.vscode\extensions\ltex-plus.vscode-ltex-plus-15.7.1\lib\ltex-ls-plus-18.7.0\lib\language-ro-6.8.jar;c:\Users\vi_ba\.vscode\extensions\ltex-plus.vscode-ltex-plus-15.7.1\lib\ltex-ls-plus-18.7.0\lib\language-ru-6.8.jar;c:\Users\vi_ba\.vscode\extensions\ltex-plus.vscode-ltex-plus-15.7.1\lib\ltex-ls-plus-18.7.0\lib\language-sk-6.8.jar;c:\Users\vi_ba\.vscode\extensions\ltex-plus.vscode-ltex-plus-15.7.1\lib\ltex-ls-plus-18.7.0\lib\language-sl-6.8.jar;c:\Users\vi_ba\.vscode\extensions\ltex-plus.vscode-ltex-plus-15.7.1\lib\ltex-ls-plus-18.7.0\lib\language-sv-6.8.jar;c:\Users\vi_ba\.vscode\extensions\ltex-plus.vscode-ltex-plus-15.7.1\lib\ltex-ls-plus-18.7.0\lib\language-ta-6.8.jar;c:\Users\vi_ba\.vscode\extensions\ltex-plus.vscode-ltex-plus-15.7.1\lib\ltex-ls-plus-18.7.0\lib\language-tl-6.8.jar;c:\Users\vi_ba\.vscode\extensions\ltex-plus.vscode-ltex-plus-15.7.1\lib\ltex-ls-plus-18.7.0\lib\language-uk-6.8.jar;c:\Users\vi_ba\.vscode\extensions\ltex-plus.vscode-ltex-plus-15.7.1\lib\ltex-ls-plus-18.7.0\lib\language-zh-6.8.jar;c:\Users\vi_ba\.vscode\extensions\ltex-plus.vscode-ltex-plus-15.7.1\lib\ltex-ls-plus-18.7.0\lib\languagetool-core-6.8.jar;c:\Users\vi_ba\.vscode\extensions\ltex-plus.vscode-ltex-plus-15.7.1\lib\ltex-ls-plus-18.7.0\lib\languagetool-ga-dicts-0.02.jar;c:\Users\vi_ba\.vscode\extensions\ltex-plus.vscode-ltex-plus-15.7.1\lib\ltex-ls-plus-18.7.0\lib\LatencyUtils-2.0.3.jar;c:\Users\vi_ba\.vscode\extensions\ltex-plus.vscode-ltex-plus-15.7.1\lib\ltex-ls-plus-18.7.0\lib\linguistics.grammardb.spell.languagetool-1.0.2.jar;c:\Users\vi_ba\.vscode\extensions\ltex-plus.vscode-ltex-plus-15.7.1\lib\ltex-ls-plus-18.7.0\lib\listenablefuture-9999.0-empty-to-avoid-conflict-with-guava.jar;c:\Users\vi_ba\.vscode\extensions\ltex-plus.vscode-ltex-plus-15.7.1\lib\ltex-ls-plus-18.7.0\lib\lspcli-2.3.0.jar;c:\Users\vi_ba\.vscode\extensions\ltex-plus.vscode-ltex-plus-15.7.1\lib\ltex-ls-plus-18.7.0\lib\ltexls-plus-18.7.0.jar;c:\Users\vi_ba\.vscode\extensions\ltex-plus.vscode-ltex-plus-15.7.1\lib\ltex-ls-plus-18.7.0\lib\lucene-backward-codecs-5.5.5.jar;c:\Users\vi_ba\.vscode\extensions\ltex-plus.vscode-ltex-plus-15.7.1\lib\ltex-ls-plus-18.7.0\lib\lucene-core-5.5.5.jar;c:\Users\vi_ba\.vscode\extensions\ltex-plus.vscode-ltex-plus-15.7.1\lib\ltex-ls-plus-18.7.0\lib\lucene-gosen-6.2.1-ipadic.jar;c:\Users\vi_ba\.vscode\extensions\ltex-plus.vscode-ltex-plus-15.7.1\lib\ltex-ls-plus-18.7.0\lib\micrometer-core-1.7.12.jar;c:\Users\vi_ba\.vscode\extensions\ltex-plus.vscode-ltex-plus-15.7.1\lib\ltex-ls-plus-18.7.0\lib\micrometer-registry-prometheus-1.7.12.jar;c:\Users\vi_ba\.vscode\extensions\ltex-plus.vscode-ltex-plus-15.7.1\lib\ltex-ls-plus-18.7.0\lib\morfologik-crh-lt-1.0.1.jar;c:\Users\vi_ba\.vscode\extensions\ltex-plus.vscode-ltex-plus-15.7.1\lib\ltex-ls-plus-18.7.0\lib\morfologik-fsa-2.1.9.jar;c:\Users\vi_ba\.vscode\extensions\ltex-plus.vscode-ltex-plus-15.7.1\lib\ltex-ls-plus-18.7.0\lib\morfologik-fsa-builders-2.1.9.jar;c:\Users\vi_ba\.vscode\extensions\ltex-plus.vscode-ltex-plus-15.7.1\lib\ltex-ls-plus-18.7.0\lib\morfologik-speller-2.1.9.jar;c:\Users\vi_ba\.vscode\extensions\ltex-plus.vscode-ltex-plus-15.7.1\lib\ltex-ls-plus-18.7.0\lib\morfologik-stemming-2.1.9.jar;c:\Users\vi_ba\.vscode\extensions\ltex-plus.vscode-ltex-plus-15.7.1\lib\ltex-ls-plus-18.7.0\lib\morfologik-ukrainian-lt-6.8.0.jar;c:\Users\vi_ba\.vscode\extensions\ltex-plus.vscode-ltex-plus-15.7.1\lib\ltex-ls-plus-18.7.0\lib\morphology-el-1.0.0.jar;c:\Users\vi_ba\.vscode\extensions\ltex-plus.vscode-ltex-plus-15.7.1\lib\ltex-ls-plus-18.7.0\lib\opennlp-chunk-models-1.5.jar;c:\Users\vi_ba\.vscode\extensions\ltex-plus.vscode-ltex-plus-15.7.1\lib\ltex-ls-plus-18.7.0\lib\opennlp-postag-models-1.5.jar;c:\Users\vi_ba\.vscode\extensions\ltex-plus.vscode-ltex-plus-15.7.1\lib\ltex-ls-plus-18.7.0\lib\opennlp-tokenize-models-1.5.jar;c:\Users\vi_ba\.vscode\extensions\ltex-plus.vscode-ltex-plus-15.7.1\lib\ltex-ls-plus-18.7.0\lib\opennlp-tools-1.9.4.jar;c:\Users\vi_ba\.vscode\extensions\ltex-plus.vscode-ltex-plus-15.7.1\lib\ltex-ls-plus-18.7.0\lib\openregex-1.1.1.jar;c:\Users\vi_ba\.vscode\extensions\ltex-plus.vscode-ltex-plus-15.7.1\lib\ltex-ls-plus-18.7.0\lib\opentelemetry-api-1.42.1.jar;c:\Users\vi_ba\.vscode\extensions\ltex-plus.vscode-ltex-plus-15.7.1\lib\ltex-ls-plus-18.7.0\lib\opentelemetry-context-1.42.1.jar;c:\Users\vi_ba\.vscode\extensions\ltex-plus.vscode-ltex-plus-15.7.1\lib\ltex-ls-plus-18.7.0\lib\opentelemetry-semconv-1.30.1-alpha.jar;c:\Users\vi_ba\.vscode\extensions\ltex-plus.vscode-ltex-plus-15.7.1\lib\ltex-ls-plus-18.7.0\lib\org.eclipse.lsp4j-0.24.0.jar;c:\Users\vi_ba\.vscode\extensions\ltex-plus.vscode-ltex-plus-15.7.1\lib\ltex-ls-plus-18.7.0\lib\org.eclipse.lsp4j.jsonrpc-0.24.0.jar;c:\Users\vi_ba\.vscode\extensions\ltex-plus.vscode-ltex-plus-15.7.1\lib\ltex-ls-plus-18.7.0\lib\perfmark-api-0.27.0.jar;c:\Users\vi_ba\.vscode\extensions\ltex-plus.vscode-ltex-plus-15.7.1\lib\ltex-ls-plus-18.7.0\lib\picocli-4.7.7.jar;c:\Users\vi_ba\.vscode\extensions\ltex-plus.vscode-ltex-plus-15.7.1\lib\ltex-ls-plus-18.7.0\lib\portuguese-pos-dict-1.2.0.jar;c:\Users\vi_ba\.vscode\extensions\ltex-plus.vscode-ltex-plus-15.7.1\lib\ltex-ls-plus-18.7.0\lib\proto-google-common-protos-2.59.2.jar;c:\Users\vi_ba\.vscode\extensions\ltex-plus.vscode-ltex-plus-15.7.1\lib\ltex-ls-plus-18.7.0\lib\protobuf-java-3.25.8.jar;c:\Users\vi_ba\.vscode\extensions\ltex-plus.vscode-ltex-plus-15.7.1\lib\ltex-ls-plus-18.7.0\lib\resilience4j-circuitbreaker-1.7.1.jar;c:\Users\vi_ba\.vscode\extensions\ltex-plus.vscode-ltex-plus-15.7.1\lib\ltex-ls-plus-18.7.0\lib\resilience4j-core-1.7.1.jar;c:\Users\vi_ba\.vscode\extensions\ltex-plus.vscode-ltex-plus-15.7.1\lib\ltex-ls-plus-18.7.0\lib\resilience4j-micrometer-1.7.1.jar;c:\Users\vi_ba\.vscode\extensions\ltex-plus.vscode-ltex-plus-15.7.1\lib\ltex-ls-plus-18.7.0\lib\segment-2.0.3.jar;c:\Users\vi_ba\.vscode\extensions\ltex-plus.vscode-ltex-plus-15.7.1\lib\ltex-ls-plus-18.7.0\lib\simpleclient-0.16.0.jar;c:\Users\vi_ba\.vscode\extensions\ltex-plus.vscode-ltex-plus-15.7.1\lib\ltex-ls-plus-18.7.0\lib\simpleclient_common-0.10.0.jar;c:\Users\vi_ba\.vscode\extensions\ltex-plus.vscode-ltex-plus-15.7.1\lib\ltex-ls-plus-18.7.0\lib\simpleclient_guava-0.16.0.jar;c:\Users\vi_ba\.vscode\extensions\ltex-plus.vscode-ltex-plus-15.7.1\lib\ltex-ls-plus-18.7.0\lib\simpleclient_tracer_common-0.16.0.jar;c:\Users\vi_ba\.vscode\extensions\ltex-plus.vscode-ltex-plus-15.7.1\lib\ltex-ls-plus-18.7.0\lib\simpleclient_tracer_otel-0.16.0.jar;c:\Users\vi_ba\.vscode\extensions\ltex-plus.vscode-ltex-plus-15.7.1\lib\ltex-ls-plus-18.7.0\lib\simpleclient_tracer_otel_agent-0.16.0.jar;c:\Users\vi_ba\.vscode\extensions\ltex-plus.vscode-ltex-plus-15.7.1\lib\ltex-ls-plus-18.7.0\lib\slf4j-api-2.0.16.jar;c:\Users\vi_ba\.vscode\extensions\ltex-plus.vscode-ltex-plus-15.7.1\lib\ltex-ls-plus-18.7.0\lib\slf4j-nop-2.0.18.jar;c:\Users\vi_ba\.vscode\extensions\ltex-plus.vscode-ltex-plus-15.7.1\lib\ltex-ls-plus-18.7.0\lib\spanish-pos-dict-2.5.jar;c:\Users\vi_ba\.vscode\extensions\ltex-plus.vscode-ltex-plus-15.7.1\lib\ltex-ls-plus-18.7.0\lib\stax2-api-4.3.0.jar;c:\Users\vi_ba\.vscode\extensions\ltex-plus.vscode-ltex-plus-15.7.1\lib\ltex-ls-plus-18.7.0\lib\txw2-4.0.5.jar;c:\Users\vi_ba\.vscode\extensions\ltex-plus.vscode-ltex-plus-15.7.1\lib\ltex-ls-plus-18.7.0\lib\unit-api-1.0.jar;c:\Users\vi_ba\.vscode\extensions\ltex-plus.vscode-ltex-plus-15.7.1\lib\ltex-ls-plus-18.7.0\lib\uom-lib-common-1.1.jar;c:\Users\vi_ba\.vscode\extensions\ltex-plus.vscode-ltex-plus-15.7.1\lib\ltex-ls-plus-18.7.0\lib\vavr-0.10.2.jar;c:\Users\vi_ba\.vscode\extensions\ltex-plus.vscode-ltex-plus-15.7.1\lib\ltex-ls-plus-18.7.0\lib\vavr-match-0.10.2.jar;c:\Users\vi_ba\.vscode\extensions\ltex-plus.vscode-ltex-plus-15.7.1\lib\ltex-ls-plus-18.7.0\lib\woodstox-core-7.2.0.jar
Launcher Type: SUN_STANDARD

[Global flags]
     intx CICompilerCount                          = 4                                         {product} {ergonomic}
     uint ConcGCThreads                            = 2                                         {product} {ergonomic}
     uint G1ConcRefinementThreads                  = 8                                         {product} {ergonomic}
   size_t G1HeapRegionSize                         = 1048576                                   {product} {ergonomic}
    uintx GCDrainStackTargetSize                   = 64                                        {product} {ergonomic}
   size_t InitialHeapSize                          = 67108864                                  {product} {command line}
   size_t MarkStackSize                            = 4194304                                   {product} {ergonomic}
   size_t MaxHeapSize                              = 2147483648                                {product} {command line}
   size_t MaxNewSize                               = 1287651328                                {product} {ergonomic}
   size_t MinHeapDeltaBytes                        = 1048576                                   {product} {ergonomic}
   size_t MinHeapSize                              = 67108864                                  {product} {command line}
    uintx NonNMethodCodeHeapSize                   = 5839372                                {pd product} {ergonomic}
    uintx NonProfiledCodeHeapSize                  = 122909434                              {pd product} {ergonomic}
    uintx ProfiledCodeHeapSize                     = 122909434                              {pd product} {ergonomic}
    uintx ReservedCodeCacheSize                    = 251658240                              {pd product} {ergonomic}
     bool SegmentedCodeCache                       = true                                      {product} {ergonomic}
   size_t SoftMaxHeapSize                          = 2147483648                             {manageable} {ergonomic}
     bool UseCompressedOops                        = true                           {product lp64_product} {ergonomic}
     bool UseG1GC                                  = true                                      {product} {ergonomic}
     bool UseLargePagesIndividualAllocation        = false                                  {pd product} {ergonomic}

Logging:
Log output configuration:
 #0: stdout all=warning uptime,level,tags foldmultilines=false
 #1: stderr all=off uptime,level,tags foldmultilines=false

Release file:
JAVA_VERSION="21.0.10"
MODULES="java.base java.compiler java.datatransfer java.xml java.prefs java.desktop java.instrument java.logging java.management java.security.sasl java.naming java.rmi java.management.rmi java.net.http java.scripting java.security.jgss java.transaction.xa java.sql java.sql.rowset java.xml.crypto java.se java.smartcardio jdk.accessibility jdk.charsets jdk.crypto.ec jdk.crypto.cryptoki jdk.dynalink jdk.httpserver jdk.incubator.vector jdk.internal.vm.ci jdk.internal.vm.compiler jdk.internal.vm.compiler.management jdk.jdwp.agent jdk.jfr jdk.jsobject jdk.localedata jdk.management jdk.management.agent jdk.naming.dns jdk.naming.rmi jdk.net jdk.nio.mapmode jdk.sctp jdk.security.auth jdk.security.jgss jdk.unsupported jdk.xml.dom jdk.zipfs"

Environment Variables:
JAVA_HOME=c:\Users\vi_ba\.vscode\extensions\ltex-plus.vscode-ltex-plus-15.7.1\lib\ltex-ls-plus-18.7.0\jdk-21.0.10+7
CLASSPATH="c:\Users\vi_ba\.vscode\extensions\ltex-plus.vscode-ltex-plus-15.7.1\lib\ltex-ls-plus-18.7.0"\etc;"c:\Users\vi_ba\.vscode\extensions\ltex-plus.vscode-ltex-plus-15.7.1\lib\ltex-ls-plus-18.7.0\lib"\*
JAVA_OPTS=-Xms64m -Xmx2048m
PATH=D:\programas\gnu fortran compiler\gcc\bin;D:\programas\gnu fortran compiler\gcc\libexec\gcc\x86_64-w64-mingw32\13.2.0;C:\Program Files (x86)\Common Files\Oracle\Java\javapath;C:\Program Files\Microsoft MPI\Bin\;C:\Windows\system32;C:\Windows;C:\Windows\System32\Wbem;C:\Windows\System32\WindowsPowerShell\v1.0\;C:\Windows\System32\OpenSSH\;C:\Program Files (x86)\NVIDIA Corporation\PhysX\Common;C:\Program Files\NVIDIA Corporation\NVIDIA NvDLISR;C:\Program Files\MATLAB\R2017b\runtime\win64;C:\Program Files\MATLAB\R2017b\bin;C:\Program Files\dotnet\;C:\Program Files\Microsoft SQL Server\120\Tools\Binn\;C:\Program Files\Common Files\Autodesk Shared\;C:\Users\vi_ba\Downloads\programas\compilador intel\CMAKE\cmake-3.23.0-rc4-windows-x86_64\bin;C:\Program Files\Microsoft SQL Server\150\Tools\Binn\;C:\Program Files\Calibre2\;C:\WINDOWS\system32;C:\WINDOWS;C:\WINDOWS\System32\Wbem;C:\WINDOWS\System32\WindowsPowerShell\v1.0\;C:\WINDOWS\System32\OpenSSH\;C:\Program Files\Git\cmd;D;C:\Program Files\gnuplot\bin;D:\programas\LESM\Matlab\v97\runtime\win64;C:\Users\vi_ba\AppData\Local\Programs\Python\Python313\Scripts\;C:\Users\vi_ba\AppData\Local\Programs\Python\Python313\;C:\Users\vi_ba\AppData\Local\Programs\Python\Launcher\;C:\Users\vi_ba\AppData\Local\Microsoft\WindowsApps;C:\texlive\2023\bin\windows;C:\Users\vi_ba\AppData\Local\GitHubDesktop\bin;C:\Users\vi_ba\AppData\Local\Programs\Microsoft VS Code\bin;C:\texlive\2024\bin\windows;
USERNAME=vi_ba
OS=Windows_NT
PROCESSOR_IDENTIFIER=Intel64 Family 6 Model 165 Stepping 2, GenuineIntel
TMP=C:\Temp
TEMP=C:\Temp




Periodic native trim disabled

---------------  S Y S T E M  ---------------

OS:
 Windows 11 , 64 bit Build 26100 (10.0.26100.9168)
OS uptime: 0 days 0:19 hours
Hyper-V role detected

CPU: total 8 (initial active 8) (4 cores per cpu, 2 threads per core) family 6 model 165 stepping 2 microcode 0xec, cx8, cmov, fxsr, ht, mmx, 3dnowpref, sse, sse2, sse3, ssse3, sse4.1, sse4.2, popcnt, lzcnt, tsc, tscinvbit, avx, avx2, aes, erms, clmul, bmi1, bmi2, adx, fma, vzeroupper, clflush, clflushopt, hv, rdtscp, f16c
Processor Information for the first 8 processors :
  Max Mhz: 2496, Current Mhz: 2496, Mhz Limit: 2496

Memory: 4k page, system-wide physical 8059M (2870M free)
TotalPageFile size 32635M (AvailPageFile size 82M)
current process WorkingSet (physical memory assigned to process): 179M, peak: 191M
current process commit charge ("private bytes"): 243M, peak: 421M

vm_info: OpenJDK 64-Bit Server VM (21.0.10+7-LTS) for windows-amd64 JRE (21.0.10+7-LTS), built on 2026-01-20T00:00:00Z by "admin" with MS VC++ 17.12 (VS2022)

END.
